[2026-05-12 13:50:51] READ sutta/17 title='1. දෘෂ්ටි ජාලය ගැන වදාළ දෙසුම' chars=97864 sent=6007
[2026-05-12 13:51:13] SAVED sutta/17: සියලු දෘෂ්ටිවාදී දැලක් තුළම සියල්ල බැඳී ඇත; ඒ රාමුවෙන් පිටත  | භාග්‍යවතුන් වහන්සේ භික්ෂු සංඝයා සමඟ නවාතැන් ගත් අවස්ථාවේදී, සුප්පිය පිරිවැජියා ස
[2026-05-12 13:51:27] SKIP empty sutta/18: no real sutta title
[2026-05-12 13:51:27] SKIP unavailable or empty sutta/18
[2026-05-12 13:57:18] SKIP existing sutta/17
[2026-05-12 13:57:34] SKIP empty sutta/18: no real sutta title
[2026-05-12 13:57:34] SKIP unavailable or empty sutta/18
[2026-05-12 13:57:47] SKIP empty sutta/19: no real sutta title
[2026-05-12 13:57:47] SKIP unavailable or empty sutta/19
[2026-05-12 13:58:00] SKIP empty sutta/20: no real sutta title
[2026-05-12 13:58:00] SKIP unavailable or empty sutta/20
[2026-05-12 13:58:14] SKIP empty sutta/21: no real sutta title
[2026-05-12 13:58:14] SKIP unavailable or empty sutta/21
[2026-05-12 13:58:27] SKIP empty sutta/22: no real sutta title
[2026-05-12 13:58:27] SKIP unavailable or empty sutta/22
[2026-05-12 13:58:40] SKIP empty sutta/23: no real sutta title
[2026-05-12 13:58:40] SKIP unavailable or empty sutta/23
[2026-05-12 13:58:54] SKIP empty sutta/24: no real sutta title
[2026-05-12 13:58:54] SKIP unavailable or empty sutta/24
[2026-05-12 13:59:07] SKIP empty sutta/25: no real sutta title
[2026-05-12 13:59:07] SKIP unavailable or empty sutta/25
[2026-05-12 13:59:20] SKIP empty sutta/26: no real sutta title
[2026-05-12 13:59:20] SKIP unavailable or empty sutta/26
[2026-05-12 13:59:34] SKIP empty sutta/27: no real sutta title
[2026-05-12 13:59:34] SKIP unavailable or empty sutta/27
[2026-05-12 13:59:47] SKIP empty sutta/28: no real sutta title
[2026-05-12 13:59:47] SKIP unavailable or empty sutta/28
[2026-05-12 14:00:00] SKIP empty sutta/29: no real sutta title
[2026-05-12 14:00:00] SKIP unavailable or empty sutta/29
[2026-05-12 14:00:14] SKIP empty sutta/30: no real sutta title
[2026-05-12 14:00:14] SKIP unavailable or empty sutta/30
[2026-05-12 14:00:27] SKIP empty sutta/31: no real sutta title
[2026-05-12 14:00:27] SKIP unavailable or empty sutta/31
[2026-05-12 14:00:40] SKIP empty sutta/32: no real sutta title
[2026-05-12 14:00:40] SKIP unavailable or empty sutta/32
[2026-05-12 14:00:54] SKIP empty sutta/33: no real sutta title
[2026-05-12 14:00:54] SKIP unavailable or empty sutta/33
[2026-05-12 14:01:07] SKIP empty sutta/34: no real sutta title
[2026-05-12 14:01:07] SKIP unavailable or empty sutta/34
[2026-05-12 14:01:20] SKIP empty sutta/35: no real sutta title
[2026-05-12 14:01:20] SKIP unavailable or empty sutta/35
[2026-05-12 14:01:34] SKIP empty sutta/36: no real sutta title
[2026-05-12 14:01:34] SKIP unavailable or empty sutta/36
[2026-05-12 14:01:47] SKIP empty sutta/37: no real sutta title
[2026-05-12 14:01:47] SKIP unavailable or empty sutta/37
[2026-05-12 14:02:00] SKIP empty sutta/38: no real sutta title
[2026-05-12 14:02:00] SKIP unavailable or empty sutta/38
[2026-05-12 14:02:13] SKIP empty sutta/39: no real sutta title
[2026-05-12 14:02:13] SKIP unavailable or empty sutta/39
[2026-05-12 14:02:27] SKIP empty sutta/40: no real sutta title
[2026-05-12 14:02:27] SKIP unavailable or empty sutta/40
[2026-05-12 14:02:40] SKIP empty sutta/41: no real sutta title
[2026-05-12 14:02:40] SKIP unavailable or empty sutta/41
[2026-05-12 14:02:53] SKIP empty sutta/42: no real sutta title
[2026-05-12 14:02:53] SKIP unavailable or empty sutta/42
[2026-05-12 14:03:06] SKIP empty sutta/43: no real sutta title
[2026-05-12 14:03:06] SKIP unavailable or empty sutta/43
[2026-05-12 14:03:19] SKIP empty sutta/44: no real sutta title
[2026-05-12 14:03:19] SKIP unavailable or empty sutta/44
[2026-05-12 14:03:33] SKIP empty sutta/45: no real sutta title
[2026-05-12 14:03:33] SKIP unavailable or empty sutta/45
[2026-05-12 14:03:46] SKIP empty sutta/46: no real sutta title
[2026-05-12 14:03:46] SKIP unavailable or empty sutta/46
[2026-05-12 14:03:59] SKIP empty sutta/47: no real sutta title
[2026-05-12 14:03:59] SKIP unavailable or empty sutta/47
[2026-05-12 14:04:13] SKIP empty sutta/48: no real sutta title
[2026-05-12 14:04:13] SKIP unavailable or empty sutta/48
[2026-05-12 14:04:26] SKIP empty sutta/49: no real sutta title
[2026-05-12 14:04:26] SKIP unavailable or empty sutta/49
[2026-05-12 14:04:40] SKIP empty sutta/50: no real sutta title
[2026-05-12 14:04:40] SKIP unavailable or empty sutta/50
[2026-05-12 14:04:53] SKIP empty sutta/51: no real sutta title
[2026-05-12 14:04:53] SKIP unavailable or empty sutta/51
[2026-05-12 14:05:06] SKIP empty sutta/52: no real sutta title
[2026-05-12 14:05:06] SKIP unavailable or empty sutta/52
[2026-05-12 14:05:19] SKIP empty sutta/53: no real sutta title
[2026-05-12 14:05:19] SKIP unavailable or empty sutta/53
[2026-05-12 14:05:33] SKIP empty sutta/54: no real sutta title
[2026-05-12 14:05:33] SKIP unavailable or empty sutta/54
[2026-05-12 14:05:46] SKIP empty sutta/55: no real sutta title
[2026-05-12 14:05:46] SKIP unavailable or empty sutta/55
[2026-05-12 14:05:59] SKIP empty sutta/56: no real sutta title
[2026-05-12 14:05:59] SKIP unavailable or empty sutta/56
[2026-05-12 14:06:12] SKIP empty sutta/57: no real sutta title
[2026-05-12 14:06:12] SKIP unavailable or empty sutta/57
[2026-05-12 14:06:25] SKIP empty sutta/58: no real sutta title
[2026-05-12 14:06:25] SKIP unavailable or empty sutta/58
[2026-05-12 14:06:39] SKIP empty sutta/59: no real sutta title
[2026-05-12 14:06:39] SKIP unavailable or empty sutta/59
[2026-05-12 14:06:52] SKIP empty sutta/60: no real sutta title
[2026-05-12 14:06:52] SKIP unavailable or empty sutta/60
[2026-05-12 14:07:05] SKIP empty sutta/61: no real sutta title
[2026-05-12 14:07:05] SKIP unavailable or empty sutta/61
[2026-05-12 14:07:19] SKIP empty sutta/62: no real sutta title
[2026-05-12 14:07:19] SKIP unavailable or empty sutta/62
[2026-05-12 14:07:32] SKIP empty sutta/63: no real sutta title
[2026-05-12 14:07:32] SKIP unavailable or empty sutta/63
[2026-05-12 14:07:45] SKIP empty sutta/64: no real sutta title
[2026-05-12 14:07:45] SKIP unavailable or empty sutta/64
[2026-05-12 14:07:59] SKIP empty sutta/65: no real sutta title
[2026-05-12 14:07:59] SKIP unavailable or empty sutta/65
[2026-05-12 14:08:12] SKIP empty sutta/66: no real sutta title
[2026-05-12 14:08:12] SKIP unavailable or empty sutta/66
[2026-05-12 14:08:25] SKIP empty sutta/67: no real sutta title
[2026-05-12 14:08:25] SKIP unavailable or empty sutta/67
[2026-05-12 14:08:38] SKIP empty sutta/68: no real sutta title
[2026-05-12 14:08:38] SKIP unavailable or empty sutta/68
[2026-05-12 14:08:52] SKIP empty sutta/69: no real sutta title
[2026-05-12 14:08:52] SKIP unavailable or empty sutta/69
[2026-05-12 14:09:05] SKIP empty sutta/70: no real sutta title
[2026-05-12 14:09:05] SKIP unavailable or empty sutta/70
[2026-05-12 14:09:18] SKIP empty sutta/71: no real sutta title
[2026-05-12 14:09:18] SKIP unavailable or empty sutta/71
[2026-05-12 14:09:31] SKIP empty sutta/72: no real sutta title
[2026-05-12 14:09:31] SKIP unavailable or empty sutta/72
[2026-05-12 14:09:45] SKIP empty sutta/73: no real sutta title
[2026-05-12 14:09:45] SKIP unavailable or empty sutta/73
[2026-05-12 14:09:58] SKIP empty sutta/74: no real sutta title
[2026-05-12 14:09:58] SKIP unavailable or empty sutta/74
[2026-05-12 14:10:11] SKIP empty sutta/75: no real sutta title
[2026-05-12 14:10:11] SKIP unavailable or empty sutta/75
[2026-05-12 14:10:25] SKIP empty sutta/76: no real sutta title
[2026-05-12 14:10:25] SKIP unavailable or empty sutta/76
[2026-05-12 14:10:38] SKIP empty sutta/77: no real sutta title
[2026-05-12 14:10:38] SKIP unavailable or empty sutta/77
[2026-05-12 14:10:52] SKIP empty sutta/78: no real sutta title
[2026-05-12 14:10:52] SKIP unavailable or empty sutta/78
[2026-05-12 14:11:05] SKIP empty sutta/79: no real sutta title
[2026-05-12 14:11:05] SKIP unavailable or empty sutta/79
[2026-05-12 14:11:18] SKIP empty sutta/80: no real sutta title
[2026-05-12 14:11:18] SKIP unavailable or empty sutta/80
[2026-05-12 14:11:31] SKIP empty sutta/81: no real sutta title
[2026-05-12 14:11:31] SKIP unavailable or empty sutta/81
[2026-05-12 14:11:44] SKIP empty sutta/82: no real sutta title
[2026-05-12 14:11:44] SKIP unavailable or empty sutta/82
[2026-05-12 14:11:58] SKIP empty sutta/83: no real sutta title
[2026-05-12 14:11:58] SKIP unavailable or empty sutta/83
[2026-05-12 14:12:11] SKIP empty sutta/84: no real sutta title
[2026-05-12 14:12:11] SKIP unavailable or empty sutta/84
[2026-05-12 14:12:25] SKIP empty sutta/85: no real sutta title
[2026-05-12 14:12:25] SKIP unavailable or empty sutta/85
[2026-05-12 14:12:38] SKIP empty sutta/86: no real sutta title
[2026-05-12 14:12:38] SKIP unavailable or empty sutta/86
[2026-05-12 14:12:51] SKIP empty sutta/87: no real sutta title
[2026-05-12 14:12:51] SKIP unavailable or empty sutta/87
[2026-05-12 14:13:05] SKIP empty sutta/88: no real sutta title
[2026-05-12 14:13:05] SKIP unavailable or empty sutta/88
[2026-05-12 14:13:18] SKIP empty sutta/89: no real sutta title
[2026-05-12 14:13:18] SKIP unavailable or empty sutta/89
[2026-05-12 14:13:32] SKIP empty sutta/90: no real sutta title
[2026-05-12 14:13:32] SKIP unavailable or empty sutta/90
[2026-05-12 14:13:45] SKIP empty sutta/91: no real sutta title
[2026-05-12 14:13:45] SKIP unavailable or empty sutta/91
[2026-05-12 14:13:58] SKIP empty sutta/92: no real sutta title
[2026-05-12 14:13:58] SKIP unavailable or empty sutta/92
[2026-05-12 14:14:12] SKIP empty sutta/93: no real sutta title
[2026-05-12 14:14:12] SKIP unavailable or empty sutta/93
[2026-05-12 14:14:26] SKIP empty sutta/94: no real sutta title
[2026-05-12 14:14:26] SKIP unavailable or empty sutta/94
[2026-05-12 14:14:40] SKIP empty sutta/95: no real sutta title
[2026-05-12 14:14:40] SKIP unavailable or empty sutta/95
[2026-05-12 14:14:53] SKIP empty sutta/96: no real sutta title
[2026-05-12 14:14:53] SKIP unavailable or empty sutta/96
[2026-05-12 14:25:29] SKIP empty sutta/97: no real sutta title
[2026-05-12 14:25:29] SKIP unavailable or empty sutta/97
[2026-05-12 14:25:44] SKIP empty sutta/98: no real sutta title
[2026-05-12 14:25:44] SKIP unavailable or empty sutta/98
[2026-05-12 14:25:58] SKIP empty sutta/99: no real sutta title
[2026-05-12 14:25:58] SKIP unavailable or empty sutta/99
[2026-05-12 14:26:11] SKIP empty sutta/100: no real sutta title
[2026-05-12 14:26:11] SKIP unavailable or empty sutta/100
[2026-05-12 14:31:06] SKIP empty sutta/101: no real sutta title
[2026-05-12 14:31:06] SKIP unavailable or empty sutta/101
[2026-05-12 14:31:21] SKIP empty sutta/102: no real sutta title
[2026-05-12 14:31:21] SKIP unavailable or empty sutta/102
[2026-05-12 14:31:35] SKIP empty sutta/103: no real sutta title
[2026-05-12 14:31:35] SKIP unavailable or empty sutta/103
[2026-05-12 14:31:48] SKIP empty sutta/104: no real sutta title
[2026-05-12 14:31:48] SKIP unavailable or empty sutta/104
[2026-05-12 14:32:01] SKIP empty sutta/105: no real sutta title
[2026-05-12 14:32:01] SKIP unavailable or empty sutta/105
[2026-05-12 14:32:15] SKIP empty sutta/106: no real sutta title
[2026-05-12 14:32:15] SKIP unavailable or empty sutta/106
[2026-05-12 14:32:28] SKIP empty sutta/107: no real sutta title
[2026-05-12 14:32:28] SKIP unavailable or empty sutta/107
[2026-05-12 14:32:41] SKIP empty sutta/108: no real sutta title
[2026-05-12 14:32:41] SKIP unavailable or empty sutta/108
[2026-05-12 14:32:55] SKIP empty sutta/109: no real sutta title
[2026-05-12 14:32:55] SKIP unavailable or empty sutta/109
[2026-05-12 14:33:08] SKIP empty sutta/110: no real sutta title
[2026-05-12 14:33:08] SKIP unavailable or empty sutta/110
[2026-05-12 14:33:22] SKIP empty sutta/111: no real sutta title
[2026-05-12 14:33:22] SKIP unavailable or empty sutta/111
[2026-05-12 14:33:35] SKIP empty sutta/112: no real sutta title
[2026-05-12 14:33:35] SKIP unavailable or empty sutta/112
[2026-05-12 14:33:48] SKIP empty sutta/113: no real sutta title
[2026-05-12 14:33:48] SKIP unavailable or empty sutta/113
[2026-05-12 14:34:02] SKIP empty sutta/114: no real sutta title
[2026-05-12 14:34:02] SKIP unavailable or empty sutta/114
[2026-05-12 14:34:15] SKIP empty sutta/115: no real sutta title
[2026-05-12 14:34:15] SKIP unavailable or empty sutta/115
[2026-05-12 14:34:29] SKIP empty sutta/116: no real sutta title
[2026-05-12 14:34:29] SKIP unavailable or empty sutta/116
[2026-05-12 14:34:42] SKIP empty sutta/117: no real sutta title
[2026-05-12 14:34:42] SKIP unavailable or empty sutta/117
[2026-05-12 14:34:56] SKIP empty sutta/118: no real sutta title
[2026-05-12 14:34:56] SKIP unavailable or empty sutta/118
[2026-05-12 14:35:09] SKIP empty sutta/119: no real sutta title
[2026-05-12 14:35:09] SKIP unavailable or empty sutta/119
[2026-05-12 14:35:22] SKIP empty sutta/120: no real sutta title
[2026-05-12 14:35:22] SKIP unavailable or empty sutta/120
[2026-05-12 14:35:36] SKIP empty sutta/121: no real sutta title
[2026-05-12 14:35:36] SKIP unavailable or empty sutta/121
[2026-05-12 14:35:38] READ sutta/122 title='2. පැවිදි දිවියෙන් ලබන ප්‍රයෝජන ගැන වදාළ දෙසුම' chars=81999 sent=6007
[2026-05-12 14:36:01] SAVED sutta/122: නිවැරදිව වරද පිළිගෙන ධර්මානුකූල ප්‍රතිකර්ම කිරීමෙන් සංවර විය | රජගහනුවර ජීවක කෝමාරභච්චගේ අඹවනයේදී, වේදේහි පුත්‍ර අජාසත් මගධ රජු භාග්‍යවතුන් වහන
[2026-05-12 14:36:15] SKIP empty sutta/123: no real sutta title
[2026-05-12 14:36:15] SKIP unavailable or empty sutta/123
[2026-05-12 14:36:28] SKIP empty sutta/124: no real sutta title
[2026-05-12 14:36:28] SKIP unavailable or empty sutta/124
[2026-05-12 14:36:42] SKIP empty sutta/125: no real sutta title
[2026-05-12 14:36:42] SKIP unavailable or empty sutta/125
[2026-05-12 14:36:55] SKIP empty sutta/126: no real sutta title
[2026-05-12 14:36:55] SKIP unavailable or empty sutta/126
[2026-05-12 14:37:08] SKIP empty sutta/127: no real sutta title
[2026-05-12 14:37:08] SKIP unavailable or empty sutta/127
[2026-05-12 14:37:10] READ sutta/128 title='3. අම්බට්ඨ මාණවකයාට වදාළ දෙසුම' chars=89582 sent=6007
[2026-05-12 14:37:34] SAVED sutta/128: තෙරුවන් සරණය යනු ජීවිත කාලය පුරාම රැඳී සිටිය යුතු නිවැරදි මා | කොසොල් රට චාරිකාවේදී පොක්ඛරසාති බ්‍රාහ්මණයා භාග්‍යවතුන් වහන්සේගේ ශ්‍රී සද්ධර්මය 
[2026-05-12 14:37:48] SKIP empty sutta/129: no real sutta title
[2026-05-12 14:37:48] SKIP unavailable or empty sutta/129
[2026-05-12 14:37:50] READ sutta/130 title='4. සෝණදණ්ඩ බ්‍රාහ්මණයාට වදාළ දෙසුම' chars=33771 sent=6007
[2026-05-12 14:38:14] SAVED sutta/130: ක්‍රියාවේ ප්‍රතිඵලය පෞද්ගලික කීර්තියට බැඳී නොමැති බව වටහා ගැ | චම්පා නුවර බ්‍රාහ්මණ ගෘහපතිවරුන් ශාක්‍යපුත්‍ර වූ ගෞතමයන් වහන්සේ දැකීමට මහත් කීර්
[2026-05-12 14:38:29] SKIP empty sutta/131: no real sutta title
[2026-05-12 14:38:29] SKIP unavailable or empty sutta/131
[2026-05-12 14:38:30] READ sutta/132 title='5. කූටදන්ත බ්‍රාහ්මණයාට වදාළ දෙසුම' chars=97274 sent=6007
[2026-05-12 14:38:56] SAVED sutta/132: සැබෑ ඥානය ලැබෙන්නේ හේතු ප්‍රත්‍යයන් නැතිවීමෙන් නිරුද්ධ වන ස් | ඛාණුමත ගමේ බ්‍රාහ්මණයන් කිහිප දෙනෙක් ශාක්‍යපුත්‍ර වූ ගෞතමයන් වහන්සේ ගැන කළ්‍යාණ 
[2026-05-12 14:39:10] SKIP empty sutta/133: no real sutta title
[2026-05-12 14:39:10] SKIP unavailable or empty sutta/133
[2026-05-12 14:39:24] SKIP empty sutta/134: no real sutta title
[2026-05-12 14:39:24] SKIP unavailable or empty sutta/134
[2026-05-12 14:39:37] SKIP empty sutta/135: no real sutta title
[2026-05-12 14:39:37] SKIP unavailable or empty sutta/135
[2026-05-12 14:39:39] READ sutta/136 title='6. මහාලි ලිච්ඡවී හට වදාළ දෙසුම' chars=30006 sent=6007
[2026-05-12 14:40:04] SAVED sutta/136: ජීවයත් ශරීරයත් එකම බව දැනගෙන ආශ්‍රවයන් ක්ෂය කිරීමෙන් නිවන අව | කොසොල් රට සහ මගධ රට බ්‍රාහ්මණ දූතයන් කිසියම් කටයුත්තක් පිණිස විශාලා මහනුවර වැඩ ස
[2026-05-12 14:40:18] SKIP empty sutta/137: no real sutta title
[2026-05-12 14:40:18] SKIP unavailable or empty sutta/137
[2026-05-12 14:40:20] READ sutta/138 title='7. ජාලිය පිරිවැජියාට වදාළ දෙසුම' chars=8803 sent=6007
[2026-05-12 14:40:43] SAVED sutta/138: ජීවය සහ ශරීරය යන දෙයම එකක් බව අවබෝධ කර ගැනීම වැදගත්ය | කොසඹෑ නුවර ඝෝෂිතාරාමයේ භාග්‍යවතුන් වහන්සේට මණ්ඩිස්ස සහ ජාලිය යන පැවිද්දන් දෙදෙනා
[2026-05-12 14:40:58] SKIP empty sutta/139: no real sutta title
[2026-05-12 14:40:58] SKIP unavailable or empty sutta/139
[2026-05-12 14:40:59] READ sutta/140 title='8. අචේලකස්සපට වදාළ සිංහනාදයක් බඳු දෙසුම' chars=38129 sent=6007
[2026-05-12 14:41:26] SAVED sutta/140: ශ්‍රී සද්ධර්මය ඇසීමෙන් ලැබෙන චිත්ත සන්තෝෂය අතිශයින්ම මහඟු ය | උජුඤ්ඤා නුවර කණ්ණකත්ථල නම් මුව වනයෙහි භාග්‍යවතුන් වහන්සේ වැඩසිටින විට අචේලකස්සපය
[2026-05-12 14:41:40] SKIP empty sutta/141: no real sutta title
[2026-05-12 14:41:40] SKIP unavailable or empty sutta/141
[2026-05-12 14:41:42] READ sutta/142 title='9. පොට්ඨපාද පිරිවැජියාට වදාළ දෙසුම' chars=58243 sent=6007
[2026-05-12 14:42:07] SAVED sutta/142: ශ්‍රී සද්ධර්මය යනු අඳුරෙහි පහනක් මෙන් නොමළාවත්ය | සැවැත් නුවරේදී භාග්‍යවතුන් වහන්සේ වැඩ සිටින විට, පිරිවැජියෝ විවිධ කතාබස්වල යෙදී 
[2026-05-12 14:42:22] SKIP empty sutta/143: no real sutta title
[2026-05-12 14:42:22] SKIP unavailable or empty sutta/143
[2026-05-12 14:42:23] READ sutta/144 title='10. සුභ මාණවකයාට වදාළ දෙසුම' chars=57374 sent=6007
[2026-05-12 14:42:49] SAVED sutta/144: සිත සමාධිමත් වූ විට ආර්ය සත්‍යයන් සහ මාර්ගයන් පිළිබඳව ගැඹුරු | ආයුෂ්මත් ආනන්දයන් වහන්සේට තෝදෙය්‍ය පුත්‍ර සුභ මාණවකයාගේ මිතුරෙකු විසින් උපදේශනයක
[2026-05-12 14:43:03] SKIP empty sutta/145: no real sutta title
[2026-05-12 14:43:03] SKIP unavailable or empty sutta/145
[2026-05-12 14:43:05] READ sutta/146 title='11. කේවඩ්ඪ ගෘහපති පුත්‍රයාට වදාළ දෙසුම' chars=72905 sent=6007
[2026-05-12 14:43:29] SAVED sutta/146: සැබෑ ප්‍රාතිහාර්යයන් යනු මානසික බලයෙන් සාක්ෂාත් කළ ප්‍රඥාවේ  | නාලන්දාවේ පාවාරික අඹ වනයේදී කේවඩ්ඪ ගෘහපති පුත්‍රයා භාග්‍යවතුන් වහන්සේ වෙත පැමිණ,
[2026-05-12 14:43:43] SKIP empty sutta/147: no real sutta title
[2026-05-12 14:43:43] SKIP unavailable or empty sutta/147
[2026-05-12 14:43:56] SKIP empty sutta/148: no real sutta title
[2026-05-12 14:43:56] SKIP unavailable or empty sutta/148
[2026-05-12 14:43:58] READ sutta/149 title='12. ලෝහිච්ච බ්‍රාහ්මණයාට වදාළ දෙසුම' chars=70152 sent=6007
[2026-05-12 14:44:23] SAVED sutta/149: සිත සමාධිමත් වූ විට, ආශ්‍රවයන්ගෙන් නිදහස් වී සත්‍යය දැනගත හැ | භාග්‍යවතුන් වහන්සේ කොසොල් රටෙහි චාරිකාවේදී ලෝහිච්ච බ්‍රාහ්මණයාට කියා දුන්නේ, සිත
[2026-05-12 14:44:38] SKIP empty sutta/150: no real sutta title
[2026-05-12 14:44:38] SKIP unavailable or empty sutta/150
[2026-05-12 14:44:51] SKIP empty sutta/151: no real sutta title
[2026-05-12 14:44:51] SKIP unavailable or empty sutta/151
[2026-05-12 14:45:05] SKIP empty sutta/152: no real sutta title
[2026-05-12 14:45:05] SKIP unavailable or empty sutta/152
[2026-05-12 14:45:06] READ sutta/153 title='13. ත්‍රිවිද්‍යාව යනු කුමක්දැයි වදාළ දෙසුම' chars=59172 sent=6007
[2026-05-12 14:45:31] SAVED sutta/153: සිතේ ස්වභාවය අනුව භික්ෂුව හා බ්‍රහ්මයා සැසඳිය හැකි යැයි සත්‍ | භාග්‍යවතුන් වහන්සේ කොසොල් ජනපදයේ චාරිකාවේදී මනසාකට ගමේ බ්‍රාහ්මණ වංශික තරුණයන් ද
[2026-05-12 14:45:45] SKIP empty sutta/154: no real sutta title
[2026-05-12 14:45:45] SKIP unavailable or empty sutta/154
[2026-05-12 14:45:58] SKIP empty sutta/155: no real sutta title
[2026-05-12 14:45:58] SKIP unavailable or empty sutta/155
[2026-05-12 14:46:12] SKIP empty sutta/156: no real sutta title
[2026-05-12 14:46:12] SKIP unavailable or empty sutta/156
[2026-05-12 14:46:25] SKIP empty sutta/157: no real sutta title
[2026-05-12 14:46:25] SKIP unavailable or empty sutta/157
[2026-05-12 14:46:39] SKIP empty sutta/158: no real sutta title
[2026-05-12 14:46:39] SKIP unavailable or empty sutta/158
[2026-05-12 14:46:52] SKIP empty sutta/159: no real sutta title
[2026-05-12 14:46:52] SKIP unavailable or empty sutta/159
[2026-05-12 14:47:05] SKIP empty sutta/160: no real sutta title
[2026-05-12 14:47:05] SKIP unavailable or empty sutta/160
[2026-05-12 14:47:19] SKIP empty sutta/161: no real sutta title
[2026-05-12 14:47:19] SKIP unavailable or empty sutta/161
[2026-05-12 14:47:32] SKIP empty sutta/162: no real sutta title
[2026-05-12 14:47:32] SKIP unavailable or empty sutta/162
[2026-05-12 14:47:46] SKIP empty sutta/163: no real sutta title
[2026-05-12 14:47:46] SKIP unavailable or empty sutta/163
[2026-05-12 14:47:59] SKIP empty sutta/164: no real sutta title
[2026-05-12 14:47:59] SKIP unavailable or empty sutta/164
[2026-05-12 14:48:13] SKIP empty sutta/165: no real sutta title
[2026-05-12 14:48:13] SKIP unavailable or empty sutta/165
[2026-05-12 14:48:26] SKIP empty sutta/166: no real sutta title
[2026-05-12 14:48:26] SKIP unavailable or empty sutta/166
[2026-05-12 14:48:40] SKIP empty sutta/167: no real sutta title
[2026-05-12 14:48:40] SKIP unavailable or empty sutta/167
[2026-05-12 14:48:53] SKIP empty sutta/168: no real sutta title
[2026-05-12 14:48:53] SKIP unavailable or empty sutta/168
[2026-05-12 14:49:07] SKIP empty sutta/169: no real sutta title
[2026-05-12 14:49:07] SKIP unavailable or empty sutta/169
[2026-05-12 14:49:20] SKIP empty sutta/170: no real sutta title
[2026-05-12 14:49:20] SKIP unavailable or empty sutta/170
[2026-05-12 14:49:33] SKIP empty sutta/171: no real sutta title
[2026-05-12 14:49:33] SKIP unavailable or empty sutta/171
[2026-05-12 14:49:47] SKIP empty sutta/172: no real sutta title
[2026-05-12 14:49:47] SKIP unavailable or empty sutta/172
[2026-05-12 14:50:00] SKIP empty sutta/173: no real sutta title
[2026-05-12 14:50:00] SKIP unavailable or empty sutta/173
[2026-05-12 14:50:14] SKIP empty sutta/174: no real sutta title
[2026-05-12 14:50:14] SKIP unavailable or empty sutta/174
[2026-05-12 14:50:15] READ sutta/175 title='1. බුදුවරුන්ගේ ශ්‍රේෂ්ඨ චරිතාපදාන ගැන වදාළ දෙසුම' chars=87645 sent=6007
[2026-05-12 14:50:39] SAVED sutta/175: අරහත් සම්මා සම්බුද්ධත්වයට පත්වූ බුදුරජවරුන්ගේ උපතේ විවිධත්වය | සැවැත් නුවර ලුණුවරණ රුක් සෙවණෙහි භික්ෂූන් පිරිසක් පෙර ආත්මයන්හි ගත කළ අයුරු පිළි
[2026-05-12 14:50:54] SKIP empty sutta/176: no real sutta title
[2026-05-12 14:50:54] SKIP unavailable or empty sutta/176
[2026-05-12 14:51:08] SKIP empty sutta/177: no real sutta title
[2026-05-12 14:51:08] SKIP unavailable or empty sutta/177
[2026-05-12 14:51:21] SKIP empty sutta/178: no real sutta title
[2026-05-12 14:51:21] SKIP unavailable or empty sutta/178
[2026-05-12 14:51:22] READ sutta/179 title='2. පසුබිමෙහි ඇති දේ ගැන වදාළ දීර්ඝ දෙසුම' chars=31361 sent=6007
[2026-05-12 14:51:44] SAVED sutta/179: විඤ්ඤාණය ඉක්මවා නිදහස් වීමෙන් උභතෝභාග විමුක්තිය ලැබිය හැකිය | කුරු ජනපදයේ නියම් ගමෙහි වැඩසිටින විට ආනන්දයන් වහන්සේ භාග්‍යවතුන් වහන්සේට පටිච්ච 
[2026-05-12 14:51:59] SKIP empty sutta/180: no real sutta title
[2026-05-12 14:51:59] SKIP unavailable or empty sutta/180
[2026-05-12 14:52:12] SKIP empty sutta/181: no real sutta title
[2026-05-12 14:52:12] SKIP unavailable or empty sutta/181
[2026-05-12 14:52:14] READ sutta/182 title='3. භාග්‍යවතුන් වහන්සේගේ මහා පරිනිර්වාණය ගැන වදාළ දෙසුම' chars=165829 sent=6007
[2026-05-12 14:52:39] SAVED sutta/182: වජ්ජීවරු රැස්වීම හෝ විසිරීම යන කාරණය කුසිනාරාවෙහි පිරිනිවි ස | එකල භාග්‍යවතුන් වහන්සේ රජගහ නුවර ගිජ්ඣකූට පර්වතයෙහි වැඩසිටින සේක. වේදේහීපුත්‍ර අ
[2026-05-12 14:52:53] SKIP empty sutta/183: no real sutta title
[2026-05-12 14:52:53] SKIP unavailable or empty sutta/183
[2026-05-12 14:53:06] SKIP empty sutta/184: no real sutta title
[2026-05-12 14:53:06] SKIP unavailable or empty sutta/184
[2026-05-12 14:53:20] SKIP empty sutta/185: no real sutta title
[2026-05-12 14:53:20] SKIP unavailable or empty sutta/185
[2026-05-12 14:53:33] SKIP empty sutta/186: no real sutta title
[2026-05-12 14:53:33] SKIP unavailable or empty sutta/186
[2026-05-12 14:53:47] SKIP empty sutta/187: no real sutta title
[2026-05-12 14:53:47] SKIP unavailable or empty sutta/187
[2026-05-12 14:54:00] SKIP empty sutta/188: no real sutta title
[2026-05-12 14:54:00] SKIP unavailable or empty sutta/188
[2026-05-12 14:54:14] SKIP empty sutta/189: no real sutta title
[2026-05-12 14:54:14] SKIP unavailable or empty sutta/189
[2026-05-12 14:54:15] READ sutta/190 title='4. මහා සුදස්සන සක්විති රජු ගැන වදාළ දෙසුම' chars=45050 sent=6007
[2026-05-12 14:54:39] SAVED sutta/190: සංස්කාරයෝ අනිත්‍යය; හටගෙන නැසෙන ස්වභාවයෙන් යුක්තයහ | කුසිනාරාවෙහි භාග්‍යවතුන් වහන්සේ වැඩවසන විට ආනන්දයන් වහන්සේ උන්වහන්සේට කතා කළේ කු
[2026-05-12 14:54:53] SKIP empty sutta/191: no real sutta title
[2026-05-12 14:54:53] SKIP unavailable or empty sutta/191
[2026-05-12 14:54:55] READ sutta/192 title='5. ජනවසභ දෙවියන් ගැන වදාළ දෙසුම' chars=30523 sent=6007
[2026-05-12 14:55:18] SAVED sutta/192: ධර්මය මැනැවින් දේශනා වන විට එය මේ ජීවිතයේ දී තමා විසින්ම දැක | නාදිකාවෙහි සිටි උපාසකවරුන්ගේ උපත් පිළිබඳ ව භාග්‍යවතුන් වහන්සේ විසින් පරලොව ගතිය 
[2026-05-12 14:55:33] SKIP empty sutta/193: no real sutta title
[2026-05-12 14:55:33] SKIP unavailable or empty sutta/193
[2026-05-12 14:55:47] SKIP empty sutta/194: no real sutta title
[2026-05-12 14:55:47] SKIP unavailable or empty sutta/194
[2026-05-12 14:55:49] READ sutta/195 title='6. මහා ගෝවින්ද බ්‍රාහ්මණයා ගැන වදාළ දෙසුම' chars=49626 sent=6007
[2026-05-12 14:56:14] SAVED sutta/195: සම්මා දිට්ඨිය වැනි ආර්ය අෂ්ටාංගික මාර්ගය පමණක් සැබෑ නිවනට හේ | එක් සමයක භාග්‍යවතුන් වහන්සේ රජගහ නුවර වැඩසිටින විට, පඤ්චසිඛ ගාන්ධර්ව දිව්‍යපුත්‍
[2026-05-12 14:56:30] SKIP empty sutta/196: no real sutta title
[2026-05-12 14:56:30] SKIP unavailable or empty sutta/196
[2026-05-12 14:56:43] SKIP empty sutta/197: no real sutta title
[2026-05-12 14:56:43] SKIP unavailable or empty sutta/197
[2026-05-12 14:56:45] READ sutta/198 title='7. රැස් වූ මහා පිරිස ගැන වදාළ දෙසුම' chars=12044 sent=6007
[2026-05-12 14:57:11] SAVED sutta/198: නිවනට මෙහෙය වූ සමාහිත සිත් ඇති රහතන් වහන්සේලා කිසිවෙකුගේ බලය | එක් සමයක භාග්‍යවතුන් වහන්සේ, දස දහස් ලෝකධාතුවෙන් දෙවිවරුන් රැස්වීම ගැන දැනගත් වි
[2026-05-12 14:57:26] SKIP empty sutta/199: no real sutta title
[2026-05-12 14:57:26] SKIP unavailable or empty sutta/199
[2026-05-12 14:57:39] SKIP empty sutta/200: no real sutta title
[2026-05-12 14:57:39] SKIP unavailable or empty sutta/200
[2026-05-12 14:57:41] READ sutta/201 title='8. සක් දෙවිඳුගේ පැනයට වදාළ දෙසුම' chars=37043 sent=6007
[2026-05-12 15:13:15] SAVED sutta/201: සියලු හේතු ප්‍රත්‍යයන් නිරුද්ධ වීමෙන් සියල්ල නිරුද්ධ වන ස්වභ | එක් සමයකදී, සක් දෙවිඳුන් සහ තව්තිසා දෙවියෝ භාග්‍යවතුන් වහන්සේලා බැහැදකින්නට උනන්
[2026-05-12 15:13:30] SKIP empty sutta/202: no real sutta title
[2026-05-12 15:13:30] SKIP unavailable or empty sutta/202
[2026-05-12 15:13:44] SKIP empty sutta/203: no real sutta title
[2026-05-12 15:13:44] SKIP unavailable or empty sutta/203
[2026-05-12 15:13:57] SKIP empty sutta/204: no real sutta title
[2026-05-12 15:13:57] SKIP unavailable or empty sutta/204
[2026-05-12 15:14:11] SKIP empty sutta/205: no real sutta title
[2026-05-12 15:14:11] SKIP unavailable or empty sutta/205
[2026-05-12 15:14:13] READ sutta/206 title='9. සිහිය පිහිටුවා ගැනීම ගැන වදාළ විස්තරාත්මක දෙසුම' chars=95935 sent=6007
[2026-05-12 15:14:35] SAVED sutta/206: සතිපට්ඨානය යනු ඒකායන විමුක්ති මාර්ගයකි | කුරු ජනපදයෙහි කම්මාස්සදම්ම නම් කුඩා නගරයේ වෙහෙරක භාග්‍යවතුන් වහන්සේ විසින් සතිපට
[2026-05-12 15:14:50] SKIP empty sutta/207: no real sutta title
[2026-05-12 15:14:50] SKIP unavailable or empty sutta/207
[2026-05-12 15:15:03] SKIP empty sutta/208: no real sutta title
[2026-05-12 15:15:03] SKIP unavailable or empty sutta/208
[2026-05-12 15:15:17] SKIP empty sutta/209: no real sutta title
[2026-05-12 15:15:17] SKIP unavailable or empty sutta/209
[2026-05-12 15:15:18] READ sutta/210 title='10. පායාසි රාජන්‍යයා හට වදාළ දෙසුම' chars=64049 sent=6007
[2026-05-12 15:15:45] SAVED sutta/210: සකසා, අතින් දී, ගරුසරු ඇතිව දානය දීමෙන් සුගති දෙව්ලොවට උපදිය | එක් සමයකදී කුමාර කස්සප ශ්‍රමණයන් වහන්සේ පන්සියයක් භික්ෂු සංඝයා සමඟ කොසොල් ජනපදයේ
[2026-05-12 15:16:00] SKIP empty sutta/211: no real sutta title
[2026-05-12 15:16:00] SKIP unavailable or empty sutta/211
[2026-05-12 15:16:13] SKIP empty sutta/212: no real sutta title
[2026-05-12 15:16:13] SKIP unavailable or empty sutta/212
[2026-05-12 15:16:27] SKIP empty sutta/213: no real sutta title
[2026-05-12 15:16:27] SKIP unavailable or empty sutta/213
[2026-05-12 15:16:28] READ sutta/214 title='1. පාථික පරිබ්‍රාජකයා පිළිබඳ ව වදාළ දෙසුම' chars=56980 sent=6007
[2026-05-12 15:16:52] SAVED sutta/214: සිතින් ග්‍රහණය නොකරන නිවීම දැන ගැනීම උත්තරීතර වේ | එක් සමයකදී භාග්‍යවතුන් වහන්සේ මල්ල ජනපදයේ වැඩසිටින විට, භාර්ගව ගෝත්‍ර පරිබ්‍රාජක
[2026-05-12 15:17:06] SKIP empty sutta/215: no real sutta title
[2026-05-12 15:17:06] SKIP unavailable or empty sutta/215
[2026-05-12 15:17:20] SKIP empty sutta/216: no real sutta title
[2026-05-12 15:17:20] SKIP unavailable or empty sutta/216
[2026-05-12 15:17:33] SKIP empty sutta/217: no real sutta title
[2026-05-12 15:17:33] SKIP unavailable or empty sutta/217
[2026-05-12 15:17:35] READ sutta/218 title='2. උදුම්බරිකාවගේ පරිබ්‍රාජකාරාමයේදී වදාළ දෙසුම' chars=41870 sent=6007
[2026-05-12 15:18:02] SAVED sutta/218: නිහඬ වූ, අල්ප ඝෝෂා ඇති, හුදෙකලා භාවනාවට යෝග්‍ය වන මාර්ගයෙහි  | එක් සමයකදී, සන්ධාන ගෘහපතිවරයා භාග්‍යවතුන් වහන්සේ බැහැදකින අදහසින් පිටත්ව යද්දී, 
[2026-05-12 15:18:16] SKIP empty sutta/219: no real sutta title
[2026-05-12 15:18:16] SKIP unavailable or empty sutta/219
[2026-05-12 15:18:18] READ sutta/220 title='3. සක්විති රජු ගැන සිහනදක් ලෙසින් වදාළ දෙසුම' chars=44017 sent=6007
[2026-05-12 15:18:50] SAVED sutta/220: තමා සහ ධර්මය යන දෙකම දූපතක් බඳු කොට, අන් කිසිවකට සරණගත නොකර  | මහාචර්යවරයා විසින් අසන ලද්දේ භාග්‍යවතුන් වහන්සේටයි. භාග්‍යවතුන් වහන්සේ දේශනා කළේ
[2026-05-12 15:19:04] SKIP empty sutta/221: no real sutta title
[2026-05-12 15:19:04] SKIP unavailable or empty sutta/221
[2026-05-12 15:19:17] SKIP empty sutta/222: no real sutta title
[2026-05-12 15:19:17] SKIP unavailable or empty sutta/222
[2026-05-12 15:19:19] READ sutta/223 title='4. ලෝකය සකස් වීම පිළිබඳ ව පිළිගත් දේ ගැන වදාළ දෙසුම' chars=30714 sent=6007
[2026-05-12 15:20:01] SAVED sutta/223: කිසිදු වංශිකත්වයක් හෝ උපතක ශ්‍රේෂ්ඨත්වයක් නැතිව, ධර්මයෙන් ලැ | භාග්‍යවතුන් වහන්සේ සැවැත් නුවර වැඩසිටින විට, වාසෙට්ඨ සහ භාරද්වාජ යන දෙදෙනා ධර්ම 
[2026-05-12 15:20:16] SKIP empty sutta/224: no real sutta title
[2026-05-12 15:20:16] SKIP unavailable or empty sutta/224
[2026-05-12 15:20:29] SKIP empty sutta/225: no real sutta title
[2026-05-12 15:20:29] SKIP unavailable or empty sutta/225
[2026-05-12 15:20:30] READ sutta/226 title='5. පැහැදීම ඇතිකරවන ධර්මය ගැන වදාළ දෙසුම' chars=31993 sent=6007
[2026-05-12 15:21:17] SAVED sutta/226: තථාගතයන්ගේ මහත් ආනුභාවයන් ප්‍රකට නොකර වැඩ සිටීම අසිරිමත්ය | එක් සමයක භාග්‍යවතුන් වහන්සේ වෙත ආයුෂ්මත් සාරිපුත්තයන් වහන්සේ පැමිණ, බුදුරජාණයගේ 
[2026-05-12 15:21:31] SKIP empty sutta/227: no real sutta title
[2026-05-12 15:21:31] SKIP unavailable or empty sutta/227
[2026-05-12 15:21:45] SKIP empty sutta/228: no real sutta title
[2026-05-12 15:21:45] SKIP unavailable or empty sutta/228
[2026-05-12 15:21:46] READ sutta/229 title='6. පැහැදීම ඇති කරවන කරුණු ගැන වදාළ දෙසුම' chars=48217 sent=6007
[2026-05-12 15:22:33] SAVED sutta/229: සතර සතිපට්ඨානය මගින් සියලු මතවාද ප්‍රහාණය කරගත හැකිය | එක් සමයකදී, චුන්ද සාමණේරයන් වහන්සේ ආනන්දයන් වහන්සේට කතා කරන්නේ නිගණ්ඨනාතපුත්තගේ 
[2026-05-12 15:22:48] SKIP empty sutta/230: no real sutta title
[2026-05-12 15:22:48] SKIP unavailable or empty sutta/230
[2026-05-12 15:22:49] READ sutta/231 title='7. මහා පුරුෂ ලක්ෂණ ගැන වදාළ දෙසුම' chars=52582 sent=6007
[2026-05-12 15:23:52] SAVED sutta/231: මහා පුරුෂ ලක්ෂණවලින් යුක්තයාගේ ජීවිතය ගිහි හෝ පැවිදි යන දෙකෙ | භාග්‍යවතුන් වහන්සේ සැවැත් නුවර ජේතවන ආරාමයේදී භික්ෂූන්ට මහා පුරුෂයාගේ ගති දෙකක් 
[2026-05-12 15:24:07] SKIP empty sutta/232: no real sutta title
[2026-05-12 15:24:07] SKIP unavailable or empty sutta/232
[2026-05-12 15:24:21] SKIP empty sutta/233: no real sutta title
[2026-05-12 15:24:21] SKIP unavailable or empty sutta/233
[2026-05-12 15:24:34] SKIP empty sutta/234: no real sutta title
[2026-05-12 15:24:34] SKIP unavailable or empty sutta/234
[2026-05-12 15:24:48] SKIP empty sutta/235: no real sutta title
[2026-05-12 15:24:48] SKIP unavailable or empty sutta/235
[2026-05-12 15:24:49] READ sutta/236 title='8. සිඟාලකට අවවාද වශයෙන් වදාළ දෙසුම' chars=20227 sent=6007
[2026-05-12 15:25:30] SAVED sutta/236: සතර කර්ම ක්ලේශයන් ප්‍රහීණය කිරීමෙන් සතුටු වන මඟ පෑදිය හැකිය | එක සමයක භාග්‍යවතුන් වහන්සේ රජගහ නුවර ලෙහෙනුන්ට අභය භූමියක් වූ වේළුවනයෙහි වැඩසිටි
[2026-05-12 15:25:45] SKIP empty sutta/237: no real sutta title
[2026-05-12 15:25:45] SKIP unavailable or empty sutta/237
[2026-05-12 15:25:58] SKIP empty sutta/238: no real sutta title
[2026-05-12 15:25:58] SKIP unavailable or empty sutta/238
[2026-05-12 15:26:12] SKIP empty sutta/239: no real sutta title
[2026-05-12 15:26:12] SKIP unavailable or empty sutta/239
[2026-05-12 15:26:13] READ sutta/240 title='9. ආටානාටිය ආරක්ෂාව ගැන වදාළ දෙසුම' chars=31051 sent=6007
[2026-05-12 15:27:02] SAVED sutta/240: සත්ව ඝාතයෙන් වෙන්වූවෝ ම ය; සොරකමෙන් වෙන් නොවූවෝ ම ය | එක් සමයකදී භාග්‍යවතුන් වහන්සේ රජගහ නුවර ගිජ්ඣකූට පර්වතයේ වැඩසිටින විට, විවිධ ආකා
[2026-05-12 15:27:17] SKIP empty sutta/241: no real sutta title
[2026-05-12 15:27:17] SKIP unavailable or empty sutta/241
[2026-05-12 15:27:31] SKIP empty sutta/242: no real sutta title
[2026-05-12 15:27:31] SKIP unavailable or empty sutta/242
[2026-05-12 15:29:47] SKIP empty sutta/243: no real sutta title
[2026-05-12 15:29:47] SKIP unavailable or empty sutta/243
[2026-05-12 15:29:50] READ sutta/244 title='10. ධර්මය රැස්කොට පිළියෙල කිරීම ගැන වදාළ දෙසුම' chars=113820 sent=6007
[2026-05-12 15:30:13] SAVED sutta/244: සත්‍යයන් හා ධර්මය අලුත් දේ පරිභෝග කරනවාට වඩා, නිවැරදිව අවබෝධ | එක් සමයකදී පාවා නුවරවැසි මල්ලවරුන් විසින් අලුතින් ඉදිකළ සන්ථාගාරයක් භාග්‍යවතුන් 
[2026-05-12 15:35:27] SKIP empty sutta/245: no real sutta title
[2026-05-12 15:35:27] SKIP unavailable or empty sutta/245
[2026-05-12 15:35:42] SKIP empty sutta/246: no real sutta title
[2026-05-12 15:35:42] SKIP unavailable or empty sutta/246
[2026-05-12 15:35:55] SKIP empty sutta/247: no real sutta title
[2026-05-12 15:35:55] SKIP unavailable or empty sutta/247
[2026-05-12 15:36:09] SKIP empty sutta/248: no real sutta title
[2026-05-12 15:36:09] SKIP unavailable or empty sutta/248
[2026-05-12 15:36:24] SKIP empty sutta/249: no real sutta title
[2026-05-12 15:36:24] SKIP unavailable or empty sutta/249
[2026-05-12 15:36:37] SKIP empty sutta/250: no real sutta title
[2026-05-12 15:36:37] SKIP unavailable or empty sutta/250
[2026-05-12 15:36:51] SKIP empty sutta/251: no real sutta title
[2026-05-12 15:36:51] SKIP unavailable or empty sutta/251
[2026-05-12 15:37:04] SKIP empty sutta/252: no real sutta title
[2026-05-12 15:37:04] SKIP unavailable or empty sutta/252
[2026-05-12 15:37:28] SKIP empty sutta/253: no real sutta title
[2026-05-12 15:37:28] SKIP unavailable or empty sutta/253
[2026-05-12 15:37:41] SKIP empty sutta/254: no real sutta title
[2026-05-12 15:37:41] SKIP unavailable or empty sutta/254
[2026-05-12 15:37:55] SKIP empty sutta/255: no real sutta title
[2026-05-12 15:37:55] SKIP unavailable or empty sutta/255
[2026-05-12 15:38:08] SKIP empty sutta/256: no real sutta title
[2026-05-12 15:38:08] SKIP unavailable or empty sutta/256
[2026-05-12 15:39:26] SKIP empty sutta/257: no real sutta title
[2026-05-12 15:39:27] SKIP unavailable or empty sutta/257
[2026-05-12 15:39:42] SKIP empty sutta/258: no real sutta title
[2026-05-12 15:39:42] SKIP unavailable or empty sutta/258
[2026-05-12 15:39:55] SKIP empty sutta/259: no real sutta title
[2026-05-12 15:39:55] SKIP unavailable or empty sutta/259
[2026-05-12 15:40:09] SKIP empty sutta/260: no real sutta title
[2026-05-12 15:40:09] SKIP unavailable or empty sutta/260
[2026-05-12 15:40:11] READ sutta/261 title='11. එක් දහම් කරුණේ සිට දස දහම් කරුණ තෙක් වැඩී යන අයුරින් වදාළ දෙසුම' chars=85834 sent=6007
[2026-05-12 15:40:34] SAVED sutta/261: නිවැරදි ක්‍රියාවන් මඟින් වැරදි කුසල් දහම් විනාශ වී පරිපූර්ණත | එක් සමයක භාග්‍යවතුන් වහන්සේ පන්සියයක් පමණ මහත් භික්ෂු සංඝයා සමඟ වැඩසිටින විට, ආය
[2026-05-12 15:40:49] SKIP empty sutta/262: no real sutta title
[2026-05-12 15:40:49] SKIP unavailable or empty sutta/262
[2026-05-12 15:41:02] SKIP empty sutta/263: no real sutta title
[2026-05-12 15:41:02] SKIP unavailable or empty sutta/263
[2026-05-12 15:41:16] SKIP empty sutta/264: no real sutta title
[2026-05-12 15:41:16] SKIP unavailable or empty sutta/264
[2026-05-12 15:41:17] READ sutta/265 title='1.1.1. හැම දෙයකට ම මුල් වන දේ ගැන වදාළ දෙසුම' chars=34474 sent=6007
[2026-05-12 15:41:42] SAVED sutta/265: සියලු දේ 'මගේ ආත්මය' ලෙස සලකන්නේ නැත, එය දුකට මූලයයි | භාග්‍යවතුන් වහන්සේ උක්කට්ඨා නුවර අසල සුභග වනාන්තරයේ වැඩ සිටින විට, භික්ෂූන්ට මූල
[2026-05-12 15:41:57] SKIP empty sutta/266: no real sutta title
[2026-05-12 15:41:57] SKIP unavailable or empty sutta/266
[2026-05-12 15:42:10] SKIP empty sutta/267: no real sutta title
[2026-05-12 15:42:10] SKIP unavailable or empty sutta/267
[2026-05-12 15:42:11] READ sutta/268 title='1.1.2. හැම ආශ්‍රවයන් ගැන ම වදාළ දෙසුම' chars=16172 sent=6007
[2026-05-12 15:42:36] SAVED sutta/268: යෝනිසෝ සහ අයෝනිසෝ යන දෙක දැනගෙන දකින්නෙකුගේ පමණක් ආශ්‍රවයන්  | සැවැත් නුවර ජේතවනයේදී භාග්‍යවතුන් වහන්සේ විසින් ශ්‍රාවකයන්ට ආශ්‍රවයන් සංවර කර ගැ
[2026-05-12 15:42:38] READ sutta/269 title='1.1.3. ශ්‍රී සද්ධර්මය දායාද කර ගැනීම පිළිබඳව වදාළ දෙසුම.' chars=14619 sent=6007
[2026-05-12 15:43:01] SAVED sutta/269: සැබෑ ශ්‍රාවකයෝ සද්ධර්මයට උරුමක්කාරයෝ වන අතර, ලාභ සත්කාර හෝ ක | සැවැත් නුවර ජේතවනයෙහි භාග්‍යවතුන් වහන්සේ විසින් ශ්‍රාවකයන් වෙත දේශනා කරන ලදී. සද
[2026-05-12 15:43:03] READ sutta/270 title='1.1.4. භය බිරාන්ත වීමට හේතු වන කරුණු ගැන වදාළ දෙසුම' chars=21108 sent=6007
[2026-05-12 15:43:32] SAVED sutta/270: සැබෑ නිදහස යනු සියලු කෙලෙසුන්ගෙන් හිත නිදහස් වීම සහ උතුම් නි | ජානුස්සෝණි නම් බ්‍රාහ්මණයා විසින් භාග්‍යවතුන් වහන්සේට කතා කළ ආකාරයට, යම් පුද්ගලය
[2026-05-12 15:43:35] READ sutta/271 title='1.1.5. අංගණ (උපක්ලේශ) නැතිවීම ගැන වදාළ දෙසුම' chars=25574 sent=6007
[2026-05-12 15:44:00] SAVED sutta/271: අවබෝධයෙන් දැනගැනීම තුළින් උසස් ගණයකට පිහිටුවන බව සාරිපුත්තයන | සැවැත් නුවර ජේතවනයේදී ආයුෂ්මත් සාරිපුත්තයන් වහන්සේ විසින් ලෝකයේ පුද්ගලයන් හතර දෙ
[2026-05-12 15:44:02] READ sutta/272 title='1.1.6. ‘කැමති වන්නේ නම්’ යනුවෙන් වදාළ දෙසුම' chars=9902 sent=6007
[2026-05-12 15:44:26] SAVED sutta/272: සිල්වත් ජීවිතයක් ගත කිරීමෙන් නිවන මාර්ගයට මුල් වන ශික්ෂාපදයන | සැවැත් නුවර ජේතවනයේදී භාග්‍යවතුන් වහන්සේ විසින් ශ්‍රාවකයන්ට දේශනා කරන ලද්දේ, සිල
[2026-05-12 15:44:29] READ sutta/273 title='1.1.7. ඇඳුමක් උපමාවට ගෙන වදාළ දෙසුම' chars=14969 sent=6007
[2026-05-12 15:44:55] SAVED sutta/273: සිත කිලුටු නොවී පිරිසිදුව තිබීමෙන් පමණක් ජීවිතයට සැබෑ දියුණු | සිතක් කිලුටු වීම නිසා අපිරිසිදු වූ ඇඳුමක් මෙන්, ජීවිතයේ අත්දැකීම්වලින් ලස්සන වෙන
[2026-05-12 15:44:57] READ sutta/274 title='1.1.8. නිකෙලෙස් ජීවිතයක් ගැන වදාළ දෙසුම' chars=19772 sent=6007
[2026-05-12 15:45:24] SAVED sutta/274: සියලු දෘෂ්ටි, ආකල්ප සහ සංකල්ප 'මම නොවේ, මගේ නොවේ' යන ප්‍රඥාව | සැවැත් නුවර ජේතවනයේදී ආයුෂ්මත් මහා චුන්දයන් වහන්සේ භාග්‍යවතුන් වහන්සේට ප්‍රශ්න ක
[2026-05-12 15:45:27] READ sutta/275 title='1.1.9. සම්මා දිට්ඨිය යනු කුමක් දැ’යි විස්තර වශයෙන් වදාළ දෙසුම' chars=36381 sent=6007
[2026-05-12 15:45:50] SAVED sutta/275: අකුසල්, කුසල් සහ ආශ්‍රව ගැන දැනගැනීමෙන් සම්මා දිට්ඨිය ඇති වේ | සැවැත් නුවර ජේතවනයේදී ආයුෂ්මත් සාරිපුත්තයන් වහන්සේ විසින් සම්මා දිට්ඨිය යනු කුමක
[2026-05-12 15:45:52] READ sutta/276 title='1.1.10. සම්මා සතිය පිහිටුවා ගැනීම ගැන වදාළ දෙසුම' chars=35813 sent=6007
[2026-05-12 15:46:16] SAVED sutta/276: සත්වයන්ගේ දුකින් මිදීමට මාර්ගය වන්නේ සතර සතිපට්ඨානයයි | කුරු ජනපදයේ කුඩා නගරයක භාග්‍යවතුන් වහන්සේ විසින් මෙම දේශනාව දේශනා කරන ලදී. සත්වය
[2026-05-12 15:46:30] SKIP empty sutta/277: no real sutta title
[2026-05-12 15:46:30] SKIP unavailable or empty sutta/277
[2026-05-12 15:46:44] SKIP empty sutta/278: no real sutta title
[2026-05-12 15:46:44] SKIP unavailable or empty sutta/278
[2026-05-12 15:46:57] SKIP empty sutta/279: no real sutta title
[2026-05-12 15:46:57] SKIP unavailable or empty sutta/279
[2026-05-12 15:47:11] SKIP empty sutta/280: no real sutta title
[2026-05-12 15:47:11] SKIP unavailable or empty sutta/280
[2026-05-12 15:47:24] SKIP empty sutta/281: no real sutta title
[2026-05-12 15:47:24] SKIP unavailable or empty sutta/281
[2026-05-12 15:47:37] SKIP empty sutta/282: no real sutta title
[2026-05-12 15:47:37] SKIP unavailable or empty sutta/282
[2026-05-12 15:47:50] SKIP empty sutta/283: no real sutta title
[2026-05-12 15:47:50] SKIP unavailable or empty sutta/283
[2026-05-12 15:48:04] SKIP empty sutta/284: no real sutta title
[2026-05-12 15:48:04] SKIP unavailable or empty sutta/284
[2026-05-12 15:48:17] SKIP empty sutta/285: no real sutta title
[2026-05-12 15:48:17] SKIP unavailable or empty sutta/285
[2026-05-12 15:48:31] SKIP empty sutta/286: no real sutta title
[2026-05-12 15:48:31] SKIP unavailable or empty sutta/286
[2026-05-12 15:48:44] SKIP empty sutta/287: no real sutta title
[2026-05-12 15:48:44] SKIP unavailable or empty sutta/287
[2026-05-12 15:48:57] SKIP empty sutta/288: no real sutta title
[2026-05-12 15:48:57] SKIP unavailable or empty sutta/288
[2026-05-12 15:49:10] SKIP empty sutta/289: no real sutta title
[2026-05-12 15:49:10] SKIP unavailable or empty sutta/289
[2026-05-12 15:49:24] SKIP empty sutta/290: no real sutta title
[2026-05-12 15:49:24] SKIP unavailable or empty sutta/290
[2026-05-12 15:49:37] SKIP empty sutta/291: no real sutta title
[2026-05-12 15:49:37] SKIP unavailable or empty sutta/291
[2026-05-12 15:49:50] SKIP empty sutta/292: no real sutta title
[2026-05-12 15:49:50] SKIP unavailable or empty sutta/292
[2026-05-12 15:50:04] SKIP empty sutta/293: no real sutta title
[2026-05-12 15:50:04] SKIP unavailable or empty sutta/293
[2026-05-12 15:50:17] SKIP empty sutta/294: no real sutta title
[2026-05-12 15:50:17] SKIP unavailable or empty sutta/294
[2026-05-12 15:50:30] SKIP empty sutta/295: no real sutta title
[2026-05-12 15:50:30] SKIP unavailable or empty sutta/295
[2026-05-12 15:50:44] SKIP empty sutta/296: no real sutta title
[2026-05-12 15:50:44] SKIP unavailable or empty sutta/296
[2026-05-12 15:50:57] SKIP empty sutta/297: no real sutta title
[2026-05-12 15:50:57] SKIP unavailable or empty sutta/297
[2026-05-12 15:51:10] SKIP empty sutta/298: no real sutta title
[2026-05-12 15:51:10] SKIP unavailable or empty sutta/298
[2026-05-12 15:51:23] SKIP empty sutta/299: no real sutta title
[2026-05-12 15:51:23] SKIP unavailable or empty sutta/299
[2026-05-12 15:51:37] SKIP empty sutta/300: no real sutta title
[2026-05-12 15:51:37] SKIP unavailable or empty sutta/300
[2026-05-12 15:51:50] SKIP empty sutta/301: no real sutta title
[2026-05-12 15:51:50] SKIP unavailable or empty sutta/301
[2026-05-12 15:52:03] SKIP empty sutta/302: no real sutta title
[2026-05-12 15:52:03] SKIP unavailable or empty sutta/302
[2026-05-12 15:52:16] SKIP empty sutta/303: no real sutta title
[2026-05-12 15:52:16] SKIP unavailable or empty sutta/303
[2026-05-12 15:52:18] READ sutta/304 title='1.2.1. සිංහයෙකුගේ නාදයක් බඳු වූ කුඩා දෙසුම' chars=14866 sent=6007
[2026-05-12 15:52:41] SAVED sutta/304: අවිද්‍යාව දුරු වී විද්‍යාව ලැබීමෙන් කිසිදු උපාදානයකට බැඳෙන්න | සැවැත් නුවර ජේතවනයේදී භාග්‍යවතුන් වහන්සේ විසින් ශ්‍රමණයන් වහන්සේලා ගැන කතා කරන ආ
[2026-05-12 15:52:43] READ sutta/305 title='1.2.2. සිංහයෙකුගේ නාදයක් බඳු වූ විස්තරාත්මක දෙසුම' chars=50251 sent=6007
[2026-05-12 15:53:08] SAVED sutta/305: ලෝකයාගේ යහපත සළසන, මුළාවෙන් තොර වූ කෙනෙකු වීමට උත්සාහ කරන්න | විශාලා මහනුවරදී, සුනක්ඛත්ත නම් ලිච්ඡවී කුමාරයා විසින් භාග්‍යවතුන් වහන්සේගේ ධර්මය
[2026-05-12 15:53:11] READ sutta/306 title='1.2.3. දුක් ගොඩක් ගැන වදාළ විස්තරාත්මක දෙසුම' chars=18788 sent=6007
[2026-05-12 15:53:35] SAVED sutta/306: වේදනාවෙන් නිදහස් වීම යනු වේදනාව ගැන ඇති ආශාව ප්‍රහාණය කර ගැන | සැවැත් නුවරදී භික්ෂූන් කණ්ඩායමක් අන්‍යාගම්කාර තාපසයන්ගේ උපදේශනවලට යොමු වූ ආකාරය 
[2026-05-12 15:53:38] READ sutta/307 title='1.2.4. දුක් ගොඩක් ගැන වදාළ කුඩා දෙසුම' chars=15589 sent=6007
[2026-05-12 15:54:02] SAVED sutta/307: කාම සම්පත්වල ආශ්වාදය චුට්ටයි; ශාන්ත සමාධිය තුළ සැබෑ ප්‍රීති  | ශාක්‍ය ජනපදයේ කපිලවස්තුවේ නිග්‍රෝධාරාමයේදී මහානාම ශාක්‍ය රජු භාග්‍යවතුන් වහන්සේට
[2026-05-12 15:54:04] READ sutta/308 title='1.2.5. නුවණින් විමසා ගළපා බැලීම ගැන වදාළ දෙසුම' chars=31843 sent=6007
[2026-05-12 15:54:26] SAVED sutta/308: තමාගේ අඩුපාඩු සහ අකුසල් නිතරම නුවණින් විමසා බැලිය යුතුය | ආයුෂ්මත් මහා මොග්ගල්ලානයන් වහන්සේ විසින් මෙම දේශනාවදී අකීකරු බව ඇති කරන කරුණු කි
[2026-05-12 15:54:29] READ sutta/309 title='1.2.6. සිතක ඇනෙන හුල් ගැන වදාළ දෙසුම' chars=20657 sent=6007
[2026-05-12 15:54:50] SAVED sutta/309: සිතෙහි ඇනිණු හුල් පහ ප්‍රහාණය වීමෙන් මහණදම් පිරීමට මඟ පාදාගත | සැවැත් නුවර ජේතවනයේදී භාග්‍යවතුන් වහන්සේ විසින් ශ්‍රාවකයින්ට දේශනා කරන ලද්දේ සිත
[2026-05-12 15:54:53] READ sutta/310 title='1.2.7. වන සෙනසුන මුල් කොට වදාළ දෙසුම' chars=9522 sent=6007
[2026-05-12 15:55:15] SAVED sutta/310: කිසිදු ස්ථානයක් හෝ පුද්ගලයෙකු මත යැපීම වෙනුවට, අභ්‍යන්තර සිහ | භාග්‍යවත් බුදුරජාණන් වහන්සේ සැවැත් නුවර ජේතවනයේදී භික්ෂූ සංඝයාට වන සෙනසුන පිළිබඳ
[2026-05-12 15:55:18] READ sutta/311 title='1.2.8. මී පිඬක් සේ මිහිරි ලෙස වදාළ දෙසුම' chars=18940 sent=6007
[2026-05-12 15:55:41] SAVED sutta/311: උතුම් ධර්මය කුමන පැත්තෙන් හෝ ප්‍රඥාවෙන් විමසූ විට සතුටක් ලැබ | කපිලවස්තු නගරය අසල නිග්‍රෝධාරාමයේ වැඩ සිටි භාග්‍යවතුන් වහන්සේ, දණ්ඩපාණී ශාක්‍යයා
[2026-05-12 15:55:43] READ sutta/312 title='1.2.9. සිතුවිලි දෙකොටසකට වෙන් කොට බැලීම ගැන වදාළ දෙසුම' chars=15844 sent=6007
[2026-05-12 15:56:05] SAVED sutta/312: සිතේ ඕනෑම විතර්කයක් 'මට පීඩාවක්ද?' කියා විමසද්දී එය නැතිවෙලා | භාග්‍යවතුන් වහන්සේ සැවැත් නුවරදී භික්ෂූ සංඝයාණන් වහන්සේලාට දේශනා කළේ සිතෙහි ඇති 
[2026-05-12 15:56:07] READ sutta/313 title='1.2.10. කුසල් සිතිවිලි පිහිටුවා ගැනීම ගැන වදාළ දෙසුම' chars=9618 sent=6007
[2026-05-12 15:56:32] SAVED sutta/313: අකුසල් සිතුවිලි කළමනාකරණය කිරීමට විවිධ ක්‍රම අනුගමනය කිරීමෙන | සමථ විදර්ශනා භාවනාව දියුණු වන විට, භික්ෂූන් විසින් කරුණක් පිළිබඳ සිතුවිලි උපදින 
[2026-05-12 15:56:46] SKIP empty sutta/314: no real sutta title
[2026-05-12 15:56:46] SKIP unavailable or empty sutta/314
[2026-05-12 15:56:59] SKIP empty sutta/315: no real sutta title
[2026-05-12 15:56:59] SKIP unavailable or empty sutta/315
[2026-05-12 15:57:12] SKIP empty sutta/316: no real sutta title
[2026-05-12 15:57:12] SKIP unavailable or empty sutta/316
[2026-05-12 15:57:26] SKIP empty sutta/317: no real sutta title
[2026-05-12 15:57:26] SKIP unavailable or empty sutta/317
[2026-05-12 15:57:39] SKIP empty sutta/318: no real sutta title
[2026-05-12 15:57:39] SKIP unavailable or empty sutta/318
[2026-05-12 15:57:53] SKIP empty sutta/319: no real sutta title
[2026-05-12 15:57:53] SKIP unavailable or empty sutta/319
[2026-05-12 15:58:06] SKIP empty sutta/320: no real sutta title
[2026-05-12 15:58:06] SKIP unavailable or empty sutta/320
[2026-05-12 15:58:19] SKIP empty sutta/321: no real sutta title
[2026-05-12 15:58:19] SKIP unavailable or empty sutta/321
[2026-05-12 15:58:33] SKIP empty sutta/322: no real sutta title
[2026-05-12 15:58:33] SKIP unavailable or empty sutta/322
[2026-05-12 15:58:46] SKIP empty sutta/323: no real sutta title
[2026-05-12 15:58:46] SKIP unavailable or empty sutta/323
[2026-05-12 15:58:59] SKIP empty sutta/324: no real sutta title
[2026-05-12 15:58:59] SKIP unavailable or empty sutta/324
[2026-05-12 15:59:12] SKIP empty sutta/325: no real sutta title
[2026-05-12 15:59:12] SKIP unavailable or empty sutta/325
[2026-05-12 15:59:25] SKIP empty sutta/326: no real sutta title
[2026-05-12 15:59:25] SKIP unavailable or empty sutta/326
[2026-05-12 15:59:39] SKIP empty sutta/327: no real sutta title
[2026-05-12 15:59:39] SKIP unavailable or empty sutta/327
[2026-05-12 15:59:52] SKIP empty sutta/328: no real sutta title
[2026-05-12 15:59:52] SKIP unavailable or empty sutta/328
[2026-05-12 16:00:06] SKIP empty sutta/329: no real sutta title
[2026-05-12 16:00:06] SKIP unavailable or empty sutta/329
[2026-05-12 16:00:19] SKIP empty sutta/330: no real sutta title
[2026-05-12 16:00:19] SKIP unavailable or empty sutta/330
[2026-05-12 16:00:33] SKIP empty sutta/331: no real sutta title
[2026-05-12 16:00:33] SKIP unavailable or empty sutta/331
[2026-05-12 16:00:46] SKIP empty sutta/332: no real sutta title
[2026-05-12 16:00:46] SKIP unavailable or empty sutta/332
[2026-05-12 16:01:00] SKIP empty sutta/333: no real sutta title
[2026-05-12 16:01:00] SKIP unavailable or empty sutta/333
[2026-05-12 16:01:01] READ sutta/334 title='1.3.1. කියත උපමා කොට වදාළ දෙසුම' chars=19742 sent=6007
[2026-05-12 16:01:25] SAVED sutta/334: අප කළ යුත්තේ මෛත්‍රී සිතිවිල්ලකින් සමස්ත ලෝකය දෙස බලා ජීවත්  | සැවැත් නුවර ජේතවනයේදී භාග්‍යවතුන් වහන්සේ විසින් දේශනා කරන ලද ධර්මයකි. අනුන්ගේ කත
[2026-05-12 16:01:27] READ sutta/335 title='1.3.2. සර්පයා උපමා කොට වදාළ දෙසුම' chars=39044 sent=6007
[2026-05-12 16:01:50] SAVED sutta/335: බුදුරජාණන් වහන්සේගේ ධර්මය යහපත් වන අතර, එය නිවන් අවබෝධයට බාධ | සැවැත් නුවර ජේතවනයේදී ගද්ධබාධිපුබ්බ අරිට්ඨ නම් භික්ෂුවකට, බුදුදහමේ ධර්මය පිළිබඳ 
[2026-05-12 16:01:52] READ sutta/336 title='1.3.3. තුඹසක් මුල් කොට ගෙන වදාළ දෙසුම' chars=9345 sent=6007
[2026-05-12 16:02:15] SAVED sutta/336: සියලු බාධක අත්හැර යාමෙන් පසු නාගරාජයාට වන්දනා කිරීම ප්‍රඥාවේ | එකල භාග්‍යවතුන් වහන්සේ වැඩසිටියේ සැවැත් නුවර ජේතවනයෙහි ය. එහිදී ආයුෂ්මත් කුමාරකස
[2026-05-12 16:02:17] READ sutta/337 title='1.3.4. පුහුණු වෙච්ච වාහනය උපමා කොට වදාළ දෙසුම' chars=17259 sent=6007
[2026-05-12 16:02:39] SAVED sutta/337: ශ්‍රැතවත් ශ්‍රාවකයෙකුගේ ඇසුර ලැබීම මහත් වූ ලාභයක් බව මතක තබා | භාග්‍යවතුන් වහන්සේ වැඩසිටි වේළුවනාරාමයේදී, භික්ෂූන් කණ්ඩායමක් විසින් සබ්‍රහ්මචාර
[2026-05-12 16:02:41] READ sutta/338 title='1.3.5. නිල් තණකොළ කොරටුව උපමා කොට වදාළ දෙසුම' chars=23091 sent=6007
[2026-05-12 16:03:04] SAVED sutta/338: සැපතේ මිහිරෙහි මුසපත් වී, අවසානයේදී මාරාගේ බැල්මෙන් මිදෙන්න  | සැවැත් නුවර ජේතවනයේදී භාග්‍යවතුන් වහන්සේ විසින් දේශනා කරන ලද මෙම දේශනාව, මුවන් ර
[2026-05-12 16:03:07] READ sutta/339 title='1.3.6. ශ්‍රේෂ්ඨත්වය සොයා කළ පර්යේෂණය ගැන වදාළ දෙසුම' chars=38243 sent=6007
[2026-05-12 16:03:32] SAVED sutta/339: මාරයාගේ බැල්ම පිහිටන තැන නැති කළ කෙනා බවට පත්විය හැකිය | සැවැත් නුවරදී භාග්‍යවතුන් වහන්සේ ආයුෂ්මත් ආනන්දයන් වහන්සේ සමඟ දින ගත කළ ආකාරය පි
[2026-05-12 16:03:34] READ sutta/340 title='1.3.7. ඇතෙකුගේ පියවර සටහන උපමා කොට වදාළ කුඩා දෙසුම' chars=24292 sent=6007
[2026-05-12 16:03:56] SAVED sutta/340: උතුම් වූ ධර්මය අවබෝධ කිරීමෙන් ආශ්‍රවයන්ගෙන් සිත නිදහස් වේ | ජානුස්සෝණි බ්‍රාහ්මණයා වච්ඡායන වෙත කතා කරමින්, ශ්‍රමණ ගෞතමයන් වහන්සේගේ ප්‍රඥාව ව
[2026-05-12 16:03:59] READ sutta/341 title='1.3.8. ඇතෙකු ගේ පියවර සටහන උපමා කොට වදාළ විස්තරාත්මක දෙසුම' chars=17401 sent=6007
[2026-05-12 16:04:30] SAVED sutta/341:  | {"summary":"සැවැත් ජේතවනයේදී ආයුෂ්මත් සාරිපුත්තයන් වහන්සේ විසින් දේශනා කරන ලද මෙ
[2026-05-12 16:04:33] READ sutta/342 title='1.3.9. සාරවත් අරටුව උපමා කොට වදාළ විස්තරාත්මක දෙසුම' chars=16345 sent=6007
[2026-05-12 16:04:57] SAVED sutta/342: කිසිම දේකින් සතුටු වීම හෝ ප්‍රමාද වීම නැතිව අරහත්වයට පත්වීමය | භාග්‍යවතුන් වහන්සේ දේවදත්ත මුල් කරගෙන භික්ෂූන්ට කතා කරන ලදී. ඇතැම් කුලදරුවන් ගිහ
[2026-05-12 16:04:59] READ sutta/343 title='1.3.10. සාරවත් අරටුව උපමා කොට වදාළ කුඩා දෙසුම' chars=16594 sent=6007
[2026-05-12 16:05:22] SAVED sutta/343: අරටුවක් සොයාගෙන සියල්ල අත්හැර යනවා සේම ලෞකික බැඳීම්ද අත්හැරි | සැවැත් නුවර ජේතවනයේදී පිංගලකොච්ඡ බ්‍රාහ්මණයා භාග්‍යවතුන් වහන්සේගෙන් ප්‍රශ්න කිහි
[2026-05-12 16:05:36] SKIP empty sutta/344: no real sutta title
[2026-05-12 16:05:36] SKIP unavailable or empty sutta/344
[2026-05-12 16:05:49] SKIP empty sutta/345: no real sutta title
[2026-05-12 16:05:49] SKIP unavailable or empty sutta/345
[2026-05-12 16:06:03] SKIP empty sutta/346: no real sutta title
[2026-05-12 16:06:03] SKIP unavailable or empty sutta/346
[2026-05-12 16:06:16] SKIP empty sutta/347: no real sutta title
[2026-05-12 16:06:16] SKIP unavailable or empty sutta/347
[2026-05-12 16:06:30] SKIP empty sutta/348: no real sutta title
[2026-05-12 16:06:30] SKIP unavailable or empty sutta/348
[2026-05-12 16:06:43] SKIP empty sutta/349: no real sutta title
[2026-05-12 16:06:43] SKIP unavailable or empty sutta/349
[2026-05-12 16:06:57] SKIP empty sutta/350: no real sutta title
[2026-05-12 16:06:57] SKIP unavailable or empty sutta/350
[2026-05-12 16:07:10] SKIP empty sutta/351: no real sutta title
[2026-05-12 16:07:10] SKIP unavailable or empty sutta/351
[2026-05-12 16:07:24] SKIP empty sutta/352: no real sutta title
[2026-05-12 16:07:24] SKIP unavailable or empty sutta/352
[2026-05-12 16:07:37] SKIP empty sutta/353: no real sutta title
[2026-05-12 16:07:37] SKIP unavailable or empty sutta/353
[2026-05-12 16:07:51] SKIP empty sutta/354: no real sutta title
[2026-05-12 16:07:51] SKIP unavailable or empty sutta/354
[2026-05-12 16:08:04] SKIP empty sutta/355: no real sutta title
[2026-05-12 16:08:04] SKIP unavailable or empty sutta/355
[2026-05-12 16:08:17] SKIP empty sutta/356: no real sutta title
[2026-05-12 16:08:17] SKIP unavailable or empty sutta/356
[2026-05-12 16:08:31] SKIP empty sutta/357: no real sutta title
[2026-05-12 16:08:31] SKIP unavailable or empty sutta/357
[2026-05-12 16:08:44] SKIP empty sutta/358: no real sutta title
[2026-05-12 16:08:44] SKIP unavailable or empty sutta/358
[2026-05-12 16:08:58] SKIP empty sutta/359: no real sutta title
[2026-05-12 16:08:58] SKIP unavailable or empty sutta/359
[2026-05-12 16:09:11] SKIP empty sutta/360: no real sutta title
[2026-05-12 16:09:11] SKIP unavailable or empty sutta/360
[2026-05-12 16:09:25] SKIP empty sutta/361: no real sutta title
[2026-05-12 16:09:25] SKIP unavailable or empty sutta/361
[2026-05-12 16:09:38] SKIP empty sutta/362: no real sutta title
[2026-05-12 16:09:38] SKIP unavailable or empty sutta/362
[2026-05-12 16:09:51] SKIP empty sutta/363: no real sutta title
[2026-05-12 16:09:51] SKIP unavailable or empty sutta/363
[2026-05-12 16:10:05] SKIP empty sutta/364: no real sutta title
[2026-05-12 16:10:05] SKIP unavailable or empty sutta/364
[2026-05-12 16:10:06] READ sutta/365 title='1.4.1. ගෝසිංග සල් වනයේ දී වදාළ කුඩා දෙසුම' chars=15519 sent=6007
[2026-05-12 16:10:30] SAVED sutta/365: අනෙකුන් ගැන මෛත්‍රී සහගත අදහස්වලින් ජීවත් වීම යහපත් ලාභයකි | භාග්‍යවතුන් වහන්සේ ගෝසිංග සල් වනයට වැඩම කළ විට, එහි පාලකයා විසින් උන්වහන්සේගේ වැ
[2026-05-12 16:10:33] READ sutta/366 title='1.4.2. ගෝසිංග සල් වනයේ දී වදාළ විස්තරාත්මක දෙසුම' chars=20634 sent=6007
[2026-05-12 16:10:57] SAVED sutta/366: කිසිවකට බැඳී නොසිට ආශ්‍රවයන්ගෙන් හිත නිදහස් කරන භික්ෂුව කෙනෙ | භාග්‍යවතුන් වහන්සේ වැඩසිටි ගෝසිංග සල් වනයෙහි, භික්ෂුකයන්ගේ ක්‍රියාවලිය ගැන සංවාද
[2026-05-12 16:10:59] READ sutta/367 title='1.4.3. ගොපල්ලා මුල් කොට වදාළ විස්තරාත්මක දෙසුම' chars=11873 sent=6007
[2026-05-12 16:11:33] SAVED sutta/367:  | {"summary":"සැවැත් ජේතවනයේදී භාග්‍යවතුන් වහන්සේ විසින් බික්ෂුවක් දියුණු වීම පිළි
[2026-05-12 16:11:36] READ sutta/368 title='1.4.4. ගොපල්ලා මුල් කොට වදාළ කුඩා දෙසුම' chars=5815 sent=5815
[2026-05-12 16:12:00] SAVED sutta/368: සැබෑ ධර්මය අවබෝධ කරගෙන ජීවිතය ගත කරන භික්ෂූන් මාරයාගේ තණ්හා  | භාග්‍යවතුන් වහන්සේ භික්ෂුසංඝයා වෙත කතා කරමින්, මගධ රටේ ගොවීන්ගේ උදාහරණයක් පෙන්වා
[2026-05-12 16:12:02] READ sutta/369 title='1.4.5. සච්චක නිසා වදාළ කුඩා දෙසුම' chars=21951 sent=6007
[2026-05-12 16:12:26] SAVED sutta/369: භවතුන් වහන්සේලා සමඟ ගැළපෙන්නට කිසිදාක සෙතක් ලැබෙන්නේ නැහැ | විශාලා මහනුවරදී, කතා බස් කරන්න දක්ෂ වූ සච්චක නම් නිගණ්ඨ පුත්‍රයෙක් ශ්‍රමණ ගෞතමයන
[2026-05-12 16:12:28] READ sutta/370 title='1.4.6. සච්චක නිසා වදාළ විස්තරාත්මක දෙසුම' chars=39399 sent=6007
[2026-05-12 16:12:54] SAVED sutta/370: ආශ්‍රවයන් ප්‍රහාණය වීම යනු 'මුළා නොවීම' වන අතර, එය තල් ගසක ක | විශාලා මහනුවර මහා වනයේදී භාග්‍යවතුන් වහන්සේ වැඩසිටින විට, නිගණ්ඨපුත්‍ර සච්චක ආයු
[2026-05-12 16:12:57] READ sutta/371 title='1.4.7. තණ්හාව ගෙවා දැමීම ගැන වදාළ කුඩා දෙසුම' chars=11817 sent=6007
[2026-05-12 16:13:19] SAVED sutta/371: කිසිම දෙයක් ගැන තණ්හාවෙන් බැසගැනීම ම විමුක්තියට හා නිවනට මාර | සක් දෙවිඳු භාග්‍යවතුන් වහන්සේ වෙත පැමිණ, භික්ෂුවකගේ ශ්‍රේෂ්ඨත්වය පිළිබඳ සාරාංශයක
[2026-05-12 16:13:22] READ sutta/372 title='1.4.8. තණ්හාව ගෙවා දැමීම ගැන වදාළ විස්තරාත්මක දෙසුම' chars=37362 sent=6007
[2026-05-12 16:13:44] SAVED sutta/372: තණ්හාව ගෙවා දැමීමෙන් විමුක්තිය ලැබෙන බව මහා දේශනාවෙන් පැහැදි | සැවැත් නුවර ජේතවනයේදී කේවට්ටපුත්‍ර සාති භික්ෂුවකගේ මිථ්‍යා දෘෂ්ටියක් පිළිබඳව සංව
[2026-05-12 16:13:46] READ sutta/373 title='1.4.9. අස්සපුර නම් කුඩා නගරයේදී වදාළ විස්තරාත්මක දෙසුම' chars=24484 sent=6007
[2026-05-12 16:14:10] SAVED sutta/373: සිත කෙලෙසන පාපී අකුසල් දුරු කිරීම තුළින් යථාර්ථය දැක නිවනට ප | අංග ජනපදයේ අස්සපුර නගරයේදී භාග්‍යවතුන් වහන්සේ විසින් මෙම දේශනය දේශනා කරන ලදී. ශ්
[2026-05-12 16:14:12] READ sutta/374 title='1.4.10. අස්සපුර නම් කුඩා නගරයේ දී වදාළ කුඩා දෙසුම' chars=11790 sent=6007
[2026-05-12 16:14:35] SAVED sutta/374: සමාධිමත් වූ, ප්‍රමාණ රහිත වූ, අවෛරී වූ, පීඩා රහිත වූ චිත්තයන | අංග ජනපදයේ අස්සපුර නගරයේදී භාග්‍යවතුන් වහන්සේ විසින් මෙම දේශනාව දේශනා කරන ලදී. ශ
[2026-05-12 16:14:50] SKIP empty sutta/375: no real sutta title
[2026-05-12 16:14:50] SKIP unavailable or empty sutta/375
[2026-05-12 16:15:03] SKIP empty sutta/376: no real sutta title
[2026-05-12 16:15:03] SKIP unavailable or empty sutta/376
[2026-05-12 16:15:17] SKIP empty sutta/377: no real sutta title
[2026-05-12 16:15:17] SKIP unavailable or empty sutta/377
[2026-05-12 16:15:31] SKIP empty sutta/378: no real sutta title
[2026-05-12 16:15:31] SKIP unavailable or empty sutta/378
[2026-05-12 16:15:44] SKIP empty sutta/379: no real sutta title
[2026-05-12 16:15:44] SKIP unavailable or empty sutta/379
[2026-05-12 16:15:57] SKIP empty sutta/380: no real sutta title
[2026-05-12 16:15:57] SKIP unavailable or empty sutta/380
[2026-05-12 16:16:10] SKIP empty sutta/381: no real sutta title
[2026-05-12 16:16:10] SKIP unavailable or empty sutta/381
[2026-05-12 16:16:24] SKIP empty sutta/382: no real sutta title
[2026-05-12 16:16:24] SKIP unavailable or empty sutta/382
[2026-05-12 16:16:37] SKIP empty sutta/383: no real sutta title
[2026-05-12 16:16:37] SKIP unavailable or empty sutta/383
[2026-05-12 16:16:50] SKIP empty sutta/384: no real sutta title
[2026-05-12 16:16:50] SKIP unavailable or empty sutta/384
[2026-05-12 16:17:03] SKIP empty sutta/385: no real sutta title
[2026-05-12 16:17:03] SKIP unavailable or empty sutta/385
[2026-05-12 16:17:17] SKIP empty sutta/386: no real sutta title
[2026-05-12 16:17:17] SKIP unavailable or empty sutta/386
[2026-05-12 16:17:30] SKIP empty sutta/387: no real sutta title
[2026-05-12 16:17:30] SKIP unavailable or empty sutta/387
[2026-05-12 16:17:44] SKIP empty sutta/388: no real sutta title
[2026-05-12 16:17:44] SKIP unavailable or empty sutta/388
[2026-05-12 16:17:57] SKIP empty sutta/389: no real sutta title
[2026-05-12 16:17:57] SKIP unavailable or empty sutta/389
[2026-05-12 16:18:10] SKIP empty sutta/390: no real sutta title
[2026-05-12 16:18:10] SKIP unavailable or empty sutta/390
[2026-05-12 16:18:23] SKIP empty sutta/391: no real sutta title
[2026-05-12 16:18:23] SKIP unavailable or empty sutta/391
[2026-05-12 16:18:36] SKIP empty sutta/392: no real sutta title
[2026-05-12 16:18:36] SKIP unavailable or empty sutta/392
[2026-05-12 16:18:50] SKIP empty sutta/393: no real sutta title
[2026-05-12 16:18:50] SKIP unavailable or empty sutta/393
[2026-05-12 16:19:03] SKIP empty sutta/394: no real sutta title
[2026-05-12 16:19:03] SKIP unavailable or empty sutta/394
[2026-05-12 16:19:17] SKIP empty sutta/395: no real sutta title
[2026-05-12 16:19:17] SKIP unavailable or empty sutta/395
[2026-05-12 16:19:18] READ sutta/396 title='1.5.1. සාලා නම් ගමේ වැසියන්ට වදාළ දෙසුම' chars=14013 sent=6007
[2026-05-12 16:19:42] SAVED sutta/396: ජීවිතයේ යහපත හෝ දුගතිය තීරණය වන්නේ අපගේ ක්‍රියාවන් සහ හැසිරී | කොසොල් ජනපදයේ චාරිකාවේ වැඩ සිටි ශ්‍රමණ ගෞතමයන් වහන්සේලා, සාලා ගමේ බමුණු ගෘහපතිවර
[2026-05-12 16:19:56] SKIP empty sutta/397: no real sutta title
[2026-05-12 16:19:56] SKIP unavailable or empty sutta/397
[2026-05-12 16:20:10] SKIP empty sutta/398: no real sutta title
[2026-05-12 16:20:10] SKIP unavailable or empty sutta/398
[2026-05-12 16:20:23] SKIP empty sutta/399: no real sutta title
[2026-05-12 16:20:23] SKIP unavailable or empty sutta/399
[2026-05-12 16:20:36] SKIP empty sutta/400: no real sutta title
[2026-05-12 16:20:36] SKIP unavailable or empty sutta/400
[2026-05-12 16:20:50] SKIP empty sutta/401: no real sutta title
[2026-05-12 16:20:50] SKIP unavailable or empty sutta/401
[2026-05-12 16:21:03] SKIP empty sutta/402: no real sutta title
[2026-05-12 16:21:03] SKIP unavailable or empty sutta/402
[2026-05-12 16:21:17] SKIP empty sutta/403: no real sutta title
[2026-05-12 16:21:17] SKIP unavailable or empty sutta/403
[2026-05-12 16:21:30] SKIP empty sutta/404: no real sutta title
[2026-05-12 16:21:30] SKIP unavailable or empty sutta/404
[2026-05-12 16:21:44] SKIP empty sutta/405: no real sutta title
[2026-05-12 16:21:44] SKIP unavailable or empty sutta/405
[2026-05-12 16:21:57] SKIP empty sutta/406: no real sutta title
[2026-05-12 16:21:57] SKIP unavailable or empty sutta/406
[2026-05-12 16:22:10] SKIP empty sutta/407: no real sutta title
[2026-05-12 16:22:10] SKIP unavailable or empty sutta/407
[2026-05-12 16:22:12] READ sutta/408 title='1.5.2. වේරඤ්ජා නම් ගමේ වැසියන්ට වදාළ දෙසුම' chars=13969 sent=6007
[2026-05-12 16:22:35] SAVED sutta/408: චීවියේදී ධර්මයේ හා යහපතේ හැසිරීමෙන් පමණක් සුගතිය ලැබිය හැකිය | වේරඤ්ජා ගමේ බ්‍රාහ්මණ ගෘහපතිවරුන් ශාක්‍ය පුත්‍ර වූ ගෞතමයන් වහන්සේගෙන් ලෝකයේ සත්ව
[2026-05-12 16:22:50] SKIP empty sutta/409: no real sutta title
[2026-05-12 16:22:50] SKIP unavailable or empty sutta/409
[2026-05-12 16:22:51] READ sutta/410 title='1.5.3. ප්‍රශ්නෝත්තර සාකච්ඡාවක් වශයෙන් වදාළ විස්තරාත්මක දෙසුම' chars=19151 sent=6007
[2026-05-12 16:23:15] SAVED sutta/410: ප්‍රඥා රහිත කෙනෙක් යනු අවබෝධයක් නැති අයකු වන අතර, ප්‍රඥාවන්ත | සැවැත් ජේතවනයේදී ආයුෂ්මත් මහාකොට්ඨිතයන් වහන්සේ, සාරිපුත්තයන් වහන්සේගෙන් ප්‍රඥාවන
[2026-05-12 16:23:29] SKIP empty sutta/411: no real sutta title
[2026-05-12 16:23:29] SKIP unavailable or empty sutta/411
[2026-05-12 16:23:31] READ sutta/412 title='1.5.4. ප්‍රශ්නෝත්තර සාකච්ඡාවක් වශයෙන් වදාළ කුඩා දෙසුම' chars=15809 sent=6007
[2026-05-12 16:23:55] SAVED sutta/412: අමා නිවන් සුව සාක්ෂාත් කර ගැනීම සඳහා පටිඝානුසය ඇති නොකරන බව  | රජගහ නුවර කලක්දක නිවාප වේළුවනාරාමයේදී විසාඛ උපාසකතුමා ධම්මදින්නා භික්ෂුණියගෙනි, 
[2026-05-12 16:24:10] SKIP empty sutta/413: no real sutta title
[2026-05-12 16:24:10] SKIP unavailable or empty sutta/413
[2026-05-12 16:24:11] READ sutta/414 title='1.5.5. යහපත් අයහපත් දේ සමාදන් වීම ගැන වදාළ කුඩා දෙසුම' chars=9973 sent=6007
[2026-05-12 16:24:33] SAVED sutta/414: යහපත අයහපත සමාදන් වීම හතර ගැන දැනගැනීමෙන් නිවැරදි මඟ පෑදිය හ | සැවැත් නුවර ජේතවනයේදී භාග්‍යවතුන් වහන්සේ විසින් පින්වත් මහණෙනි යන ආමන්ත්‍රණයෙන් 
[2026-05-12 16:24:47] SKIP empty sutta/415: no real sutta title
[2026-05-12 16:24:47] SKIP unavailable or empty sutta/415
[2026-05-12 16:24:48] READ sutta/416 title='1.5.6. යහපත් අයහපත් දේ සමාදන් වීම ගැන වදාළ විස්තරාත්මක දෙසුම' chars=17346 sent=6007
[2026-05-12 16:25:10] SAVED sutta/416: යහපත අයහපත සමාදන් වීම ගැන දැනගෙන ජීවත් වන්න | සැවැත් ජේතවනයේදී භාග්‍යවතුන් වහන්සේ විසින් දේශනා කරන ලද මෙම ධර්මය අනුව, ලෝක සත්ව
[2026-05-12 16:25:24] SKIP empty sutta/417: no real sutta title
[2026-05-12 16:25:24] SKIP unavailable or empty sutta/417
[2026-05-12 16:25:25] READ sutta/418 title='1.5.7. නුවණින් විමසීම ගැන වදාළ දෙසුම' chars=9342 sent=6007
[2026-05-12 16:25:48] SAVED sutta/418: ශ්‍රද්ධාව කියන්නේ ධර්මයට අනුව නුවණින් පරීක්ෂා කළ දැඩි අවබෝධය | සැවැත් ජේතවනයේදී භාග්‍යවතුන් වහන්සේ විසින් දේශනා කරන ලද මෙම ධර්මය, පරසිද්ධ දැනුම
[2026-05-12 16:26:02] SKIP empty sutta/419: no real sutta title
[2026-05-12 16:26:02] SKIP unavailable or empty sutta/419
[2026-05-12 16:26:03] READ sutta/420 title='1.5.8. කොසඹෑ නුවර දී වදාළ දෙසුම' chars=13217 sent=6007
[2026-05-12 16:26:26] SAVED sutta/420: රණ්ඩු හා වාදයෙන් වෙනුවට මෛත්‍රිය සහ සංවාදය වර්ධනය කරගත යුතුය | කොසඹෑ නුවර භික්ෂූන් අතර රණ්ඩුවක් සහ වාදයක් පවතින බව දැනගත් භික්ෂුවක්, භාග්‍යවතුන
[2026-05-12 16:26:40] SKIP empty sutta/421: no real sutta title
[2026-05-12 16:26:40] SKIP unavailable or empty sutta/421
[2026-05-12 16:26:42] READ sutta/422 title='1.5.9. බ්‍රහ්මයා ගේ ආරාධනාව මුල්කරගෙන වදාළ දෙසුම' chars=15378 sent=6007
[2026-05-12 16:27:05] SAVED sutta/422: සියල්ල අනිත්‍යයි; කිසිවක් සදාකාලික හෝ ස්ථීර නොවේ | සැවැත් නුවර ජේතවනයේදී භාග්‍යවත් බුදුරජාණන් වහන්සේ විසින් දේශනා කරන ලද මෙම සද්ධර්
[2026-05-12 16:27:19] SKIP empty sutta/423: no real sutta title
[2026-05-12 16:27:19] SKIP unavailable or empty sutta/423
[2026-05-12 16:27:20] READ sutta/424 title='1.5.10. මාරයාට තර්ජනය කිරීම ගැන වදාළ දෙසුම' chars=16730 sent=6007
[2026-05-12 16:27:43] SAVED sutta/424: බුදු සමිඳුන්ට හා ශ්‍රාවකයන්ට පීඩාව කිරීමට නොහැකි බව මාරයාට අ | ආයුෂ්මත් මහා මොග්ගල්ලානයන් වහන්සේ භේසකලාවනයේ සක්මන් කරමින් සිටින විට, පාපී මාරයා
[2026-05-12 16:27:57] SKIP empty sutta/425: no real sutta title
[2026-05-12 16:27:57] SKIP unavailable or empty sutta/425
[2026-05-12 16:28:11] SKIP empty sutta/426: no real sutta title
[2026-05-12 16:28:11] SKIP unavailable or empty sutta/426
[2026-05-12 16:28:24] SKIP empty sutta/427: no real sutta title
[2026-05-12 16:28:24] SKIP unavailable or empty sutta/427
[2026-05-12 16:28:37] SKIP empty sutta/428: no real sutta title
[2026-05-12 16:28:37] SKIP unavailable or empty sutta/428
[2026-05-12 16:28:51] SKIP empty sutta/429: no real sutta title
[2026-05-12 16:28:51] SKIP unavailable or empty sutta/429
[2026-05-12 16:29:04] SKIP empty sutta/430: no real sutta title
[2026-05-12 16:29:04] SKIP unavailable or empty sutta/430
[2026-05-12 16:29:17] SKIP empty sutta/431: no real sutta title
[2026-05-12 16:29:17] SKIP unavailable or empty sutta/431
[2026-05-12 16:29:31] SKIP empty sutta/432: no real sutta title
[2026-05-12 16:29:31] SKIP unavailable or empty sutta/432
[2026-05-12 16:29:44] SKIP empty sutta/433: no real sutta title
[2026-05-12 16:29:44] SKIP unavailable or empty sutta/433
[2026-05-12 16:29:57] SKIP empty sutta/434: no real sutta title
[2026-05-12 16:29:57] SKIP unavailable or empty sutta/434
[2026-05-12 16:30:11] SKIP empty sutta/435: no real sutta title
[2026-05-12 16:30:11] SKIP unavailable or empty sutta/435
[2026-05-12 16:30:24] SKIP empty sutta/436: no real sutta title
[2026-05-12 16:30:24] SKIP unavailable or empty sutta/436
[2026-05-12 16:30:38] SKIP empty sutta/437: no real sutta title
[2026-05-12 16:30:38] SKIP unavailable or empty sutta/437
[2026-05-12 16:30:39] READ sutta/438 title='2.1.1. කන්දරක තවුසා නිසා වදාළ දෙසුම' chars=26539 sent=6007
[2026-05-12 16:31:03] SAVED sutta/438: සත්වයන්ගේ චුතවීම සහ උපතේ කර්මනුරූපීත්වය දැකීම තුළින් දුකින්  | චම්පා නගරයේ ගග්ගරා පොකුණෙහි භාග්‍යවතුන් වහන්සේ වැඩවාසය කළ සැන, කන්දරක නම් තවුසා 
[2026-05-12 16:31:05] READ sutta/439 title='2.1.2. අට්ඨකනගරවාසී දසම ගෘහපතියාට වදාළ දෙසුම' chars=11999 sent=6007
[2026-05-12 16:31:30] SAVED sutta/439: සියලු සංස්කාරයන් හේතුඵල දහම තුළින් සකස් වූ, අනිත්‍ය බව නුවණි | අට්ඨකනගරවාසී දසම නම් වූ ගෘහපතියා ආයුෂ්මත් ආනන්දයන් වහන්සේ වෙත ප්‍රශ්නයක් ඉදිරිපත
[2026-05-12 16:31:33] READ sutta/440 title='2.1.3. නිවන් මග හික්මෙන (සේඛ) ප්‍රතිපදාව ගැන වදාළ දෙසුම' chars=14129 sent=6007
[2026-05-12 16:31:55] SAVED sutta/440: නිවන් මගෙහි හික්මෙන ප්‍රතිපදාව ගැන කතා කිරීම ඉතා යහපත්ය | කිඹුල්වත්පුරවාසී ශාක්‍යයන් භාග්‍යවතුන් වහන්සේට අලුතින් සකස් කළ රැස්වීම් ශාලාවක් 
[2026-05-12 16:31:58] READ sutta/441 title='2.1.4. පෝතලිය ගෘහපතියා හට වදාළ දෙසුම' chars=23173 sent=6007
[2026-05-12 16:32:21] SAVED sutta/441: සියලු ව්‍යවහාරයන් සර්වප්‍රකාරයෙන් සමුච්ඡේද වී යනු ඇතැයි දැනග | අංගුත්තරාප ජනපදයේ ආපණ නියම් ගමේදී භාග්‍යවතුන් වහන්සේ වැඩ සිටින විට, පෝතලිය නම් ග
[2026-05-12 16:32:24] READ sutta/442 title='2.1.5. කෝමාරභච්ච ජීවක හට වදාළ දෙසුම' chars=7912 sent=6007
[2026-05-12 16:32:49] SAVED sutta/442: සත්වයන් ඝාතනය කිරීම සහ අකැප වූ මසින් වැළඳීම ගැන චෝදනා කිරීමෙ | රජගහ නුවර කෝමාරභච්ච ජීවකය විසින් භාග්‍යවතුන් වහන්සේ වෙත කරන ලද ප්‍රශ්නයක් මෙහි ද
[2026-05-12 16:32:51] READ sutta/443 title='2.1.6. උපාලි ගෘහපතියා හට වදාළ දෙසුම' chars=35605 sent=6007
[2026-05-12 16:33:17] SAVED sutta/443: පාප කර්මයන් පණවන්නේ කාය කර්මය, වචී කර්මය හා මනෝ කර්මය යන තුන | නාලන්දාවෙහි පාවාරික අඹ වනයෙහි දී භාග්‍යවතුන් වහන්සේ, දීඝතපස්සී නිගණ්ඨයා සමඟ කතා 
[2026-05-12 16:33:19] READ sutta/444 title='2.1.7. සුනඛ ව්‍රත ගත් තවුසන් අරභයා වදාළ දෙසුම' chars=11377 sent=6007
[2026-05-12 16:33:42] SAVED sutta/444: කිසිදු ව්‍රතයකින් හෝ දෘෂ්ටියකින් ගති හෝ පරලොව උපත තීරණය නොවේ | කෝලිය ජනපදයේදී භාග්‍යවතුන් වහන්සේ වැඩ සිටින විට, කෝලිය පුත්‍ර පුණ්ණ සහ නිරුවත් ස
[2026-05-12 16:33:44] READ sutta/445 title='2.1.8. අභයරාජකුමාරයා හට වදාළ දෙසුම' chars=9161 sent=6007
[2026-05-12 16:34:12] SAVED sutta/445: සැබෑ අවබෝධය ඇති විට ඕනෑම ප්‍රශ්නයකට පිළිතුරු දීමට හැකියාව ලැ | එකල භාග්‍යවතුන් වහන්සේ වැඩසිටින වේළුවනයෙහි, අභයරාජ කුමාරයා නිගණ්ඨ නාතපුත්‍රයන් ව
[2026-05-12 16:34:14] READ sutta/446 title='2.1.9. බොහෝ විඳීම් පිළිබඳව වදාළ දෙසුම' chars=10048 sent=6007
[2026-05-12 16:34:39] SAVED sutta/446: සැපය තුළ යැයි පණවන දේවල් සැප වේදනාවට පමණක් අයත් නොවේ | සැවැත් නුවර ජේතවනයෙහි, පඤ්චකංග නම් වඩුදෙටු සහ උදායී තෙරුන් අතර වූ සංවාදයක් ආයුෂ්
[2026-05-12 16:34:53] SKIP empty sutta/447: no real sutta title
[2026-05-12 16:34:53] SKIP unavailable or empty sutta/447
[2026-05-12 16:35:06] SKIP empty sutta/448: no real sutta title
[2026-05-12 16:35:06] SKIP unavailable or empty sutta/448
[2026-05-12 16:35:20] SKIP empty sutta/449: no real sutta title
[2026-05-12 16:35:20] SKIP unavailable or empty sutta/449
[2026-05-12 16:35:33] SKIP empty sutta/450: no real sutta title
[2026-05-12 16:35:33] SKIP unavailable or empty sutta/450
[2026-05-12 16:35:46] SKIP empty sutta/451: no real sutta title
[2026-05-12 16:35:46] SKIP unavailable or empty sutta/451
[2026-05-12 16:35:59] SKIP empty sutta/452: no real sutta title
[2026-05-12 16:35:59] SKIP unavailable or empty sutta/452
[2026-05-12 16:36:13] SKIP empty sutta/453: no real sutta title
[2026-05-12 16:36:13] SKIP unavailable or empty sutta/453
[2026-05-12 16:36:26] SKIP empty sutta/454: no real sutta title
[2026-05-12 16:36:26] SKIP unavailable or empty sutta/454
[2026-05-12 16:36:39] SKIP empty sutta/455: no real sutta title
[2026-05-12 16:36:39] SKIP unavailable or empty sutta/455
[2026-05-12 16:36:41] READ sutta/456 title='2.1.10. මධ්‍යස්ථව නුවණින් විමසා බැලීම ගැන වදාළ දෙසුම' chars=36697 sent=6007
[2026-05-12 16:37:04] SAVED sutta/456: සියලු මතවාදවලට නැඹුරු නොවන මධ්‍යස්ථ මාර්ගයේ යහපත ඇත | කෝසල ජනපදයේ සාලා ගමේ බ්‍රාහ්මණ ගෘහපතිවරුන් ශාක්‍ය පුත්‍ර වූ ගෞතමයන් වහන්සේගේ කීර
[2026-05-12 16:37:18] SKIP empty sutta/457: no real sutta title
[2026-05-12 16:37:18] SKIP unavailable or empty sutta/457
[2026-05-12 16:37:20] READ sutta/458 title='2.2.1. අම්බලට්ඨිකාවේදී රාහුල හිමියන්ට වදාළ දෙසුම' chars=16661 sent=6007
[2026-05-12 16:37:43] SAVED sutta/458: මනසින් කළ ක්‍රියාව කුසලයක් හෝ අකුසලයක් බව හොඳින් විමසා බලන්න | භාග්‍යවතුන් වහන්සේ ආයුෂ්මත් රාහුලයන් වෙත වැඩමවා, ජලය දිය බඳුනක ආකාර කිහිපයකින් ප
[2026-05-12 16:37:45] READ sutta/459 title='2.2.2. රාහුල හිමියන්ට වදාළ විස්තරාත්මක දෙසුම' chars=13297 sent=6007
[2026-05-12 16:38:06] SAVED sutta/459: සියලු සංස්කාරයන් ‘මෙය මාගේ නොවේ’ යැයි දියුණු කරන ලද ප්‍රඥාවෙ | සැවැත් නුවර ජේතවනයේදී භාග්‍යවතුන් වහන්සේ ආයුෂ්මත් රාහුලයන්ට රූප, විඳීම, සඤ්ඤාව, 
[2026-05-12 16:38:08] READ sutta/460 title='2.2.3. මාලුංක්‍යපුත්ත තෙරුන්ට වදාළ කුඩා දෙසුම' chars=15969 sent=6007
[2026-05-12 16:38:31] SAVED sutta/460: ප්‍රකාශ නොකරන දේ, ප්‍රකාශ කරන දේ ලෙස මතක තබා ගැනීම නිවන් මඟට | සැවැත් නුවර ජේතවනයේ භාවනාවේ සිටි ආයුෂ්මත් මාලුංක්‍යපුත්තයන්ට ලෝකය, ජීවය සහ තථාගත
[2026-05-12 16:38:34] READ sutta/461 title='2.2.4. මාලුංක්‍යපුත්ත තෙරුන්ගේ ප්‍රකාශයක් මුල් කොට වදාළ විස්තරාත්මක දෙසුම' chars=12560 sent=6007
[2026-05-12 16:38:56] SAVED sutta/461: සියලු සංස්කාරයන් අනිත්‍ය වූ දුක්ඛ ස්වභාවයක් බව මැනවින් දැක ස | සැවැත් නුවර ජේතවනයේදී භාග්‍යවතුන් වහන්සේ විසින් පංච ඕරම්භාගීය සංයෝජන පිළිබඳ වැදග
[2026-05-12 16:38:59] READ sutta/462 title='2.2.5. භද්දාලි තෙරුන්ට වදාළ දෙසුම' chars=24053 sent=6007
[2026-05-12 16:39:22] SAVED sutta/462: ගුණයක පුරුදු වීමෙන් සියලු දුෂ්කරතා නිවී යනවා, උතුම් පිනකට මඟ | සැවැත් නුවර ජේතවනයේදී භාග්‍යවතුන් වහන්සේ විසින් ශ්‍රාවකයන්ට දේශනා කරන ලදි. මේ අන
[2026-05-12 16:39:24] READ sutta/463 title='2.2.6. කැටකිරිල්ලිය උපමා කොට වදාළ දෙසුම' chars=22572 sent=6007
[2026-05-12 16:39:47] SAVED sutta/463: සියලු සංයෝජන, ධ්‍යාන සහ සඤ්ඤායන් ඉක්මවා යන මාවත අනුගමනය කරන් | අංගුත්තරාප ජනපදයේ ආපණ නියම් ගමේදී භාග්‍යවතුන් වහන්සේ වැඩ සිටින විට, උදායී තෙරුන්
[2026-05-12 16:39:49] READ sutta/464 title='2.2.7. චාතුම ගමෙහි දී වදාළ දෙසුම' chars=15569 sent=6007
[2026-05-12 16:40:11] SAVED sutta/464: විවිධ භයයන්ගෙන් වැළකී ගිහි ජීවිතයට නැවත ඇදී යෑම ප්‍රධාන ගැටල | චාතුම ගමේ නෙල්ලි වනයේ භාග්‍යවතුන් වහන්සේ වැඩසිටින විට, භික්ෂූ සංඝයාගේ ඝෝෂාව ගැන 
[2026-05-12 16:40:13] READ sutta/465 title='2.2.8. නළකපාන ගමෙහි දී වදාළ දෙසුම' chars=18860 sent=6007
[2026-05-12 16:40:36] SAVED sutta/465: දුක්ඛ ස්කන්ධයා ගේ අවසන් වීම දකිනවා නම් ඒක තමයි හොඳ။ | කොසොල් ජනපදයෙහි කෑලගස් පිරි වනයෙහි භාග්‍යවතුන් වහන්සේ වැඩසිටින විට, බොහෝ කුලපුත්
[2026-05-12 16:40:39] READ sutta/466 title='2.2.9. ගුලිස්සානි භික්ෂුව මුල් කොට වදාළ දෙසුම' chars=11345 sent=6007
[2026-05-12 16:41:02] SAVED sutta/466: සංඝයා මැද වසන අරණ්‍යවාසී භික්ෂුව කෙනෙකු විනය හා ගෞරවයෙන් යුත | අරණ්‍යවාසී භික්ෂුවකගේ චර්යාව පිළිබඳව සාරිපුත්තයන් වහන්සේ උපදේශනයක් ලබා දෙන අවස්ථ
[2026-05-12 16:41:05] READ sutta/467 title='2.2.10. කීටාගිරි නියම් ගමේ දී වදාළ දෙසුම' chars=21739 sent=6007
[2026-05-12 16:41:35] SAVED sutta/467: භාග්‍යවතුන් වහන්සේ දන්නා සේක, මම් වනාහී නොදනිමි යනුවෙන් විශ් | භාග්‍යවතුන් වහන්සේ විසින් ශ්‍රද්ධාවන්ත ශ්‍රාවකයෙකුට අනුධර්මයකි. ඔහු කියා සිටින්න
[2026-05-12 16:41:50] SKIP empty sutta/468: no real sutta title
[2026-05-12 16:41:50] SKIP unavailable or empty sutta/468
[2026-05-12 16:42:03] SKIP empty sutta/469: no real sutta title
[2026-05-12 16:42:03] SKIP unavailable or empty sutta/469
[2026-05-12 16:42:17] SKIP empty sutta/470: no real sutta title
[2026-05-12 16:42:17] SKIP unavailable or empty sutta/470
[2026-05-12 16:42:30] SKIP empty sutta/471: no real sutta title
[2026-05-12 16:42:30] SKIP unavailable or empty sutta/471
[2026-05-12 16:42:43] SKIP empty sutta/472: no real sutta title
[2026-05-12 16:42:43] SKIP unavailable or empty sutta/472
[2026-05-12 16:42:57] SKIP empty sutta/473: no real sutta title
[2026-05-12 16:42:57] SKIP unavailable or empty sutta/473
[2026-05-12 16:43:10] SKIP empty sutta/474: no real sutta title
[2026-05-12 16:43:10] SKIP unavailable or empty sutta/474
[2026-05-12 16:43:23] SKIP empty sutta/475: no real sutta title
[2026-05-12 16:43:23] SKIP unavailable or empty sutta/475
[2026-05-12 16:43:37] SKIP empty sutta/476: no real sutta title
[2026-05-12 16:43:37] SKIP unavailable or empty sutta/476
[2026-05-12 16:43:50] SKIP empty sutta/477: no real sutta title
[2026-05-12 16:43:50] SKIP unavailable or empty sutta/477
[2026-05-12 16:44:04] SKIP empty sutta/478: no real sutta title
[2026-05-12 16:44:04] SKIP unavailable or empty sutta/478
[2026-05-12 16:44:05] READ sutta/479 title='2.3.1. ත්‍රිවිද්‍යාව ගැන වච්ඡගොත්ත පරිබ්‍රාජකයාට වදාළ දෙසුම' chars=5306 sent=5306
[2026-05-12 16:44:28] SAVED sutta/479: ශ්‍රමණ ගෞතමයන් වහන්සේගේ ඤාණය මාගේ දෙය වන අතර, එය අභූත චෝදනා  | භාග්‍යවතුන් වහන්සේ විශාලාවෙහි පිණ්ඩපාතය සඳහා වැඩම කරන විට, ඒකපුණ්ඩරීක පිරිවැජි ආ
[2026-05-12 16:44:30] READ sutta/480 title='2.3.2. වච්ඡගොත්ත පිරිවැජියාට ගින්න උපමා කොට වදාළ දෙසුම' chars=15673 sent=6007
[2026-05-12 16:44:54] SAVED sutta/480: සියලු සංස්කාර සහ සඤ්ඤා යන දෙයම අභාවයට පත් කරල යි තියෙනවා මිස | එසමයෙහි භාග්‍යවතුන් වහන්සේ වැඩ සිටි ජේතවනාරාමේදී, වච්ඡගොත්ත පිරිවැජියා විසින් ලෝ
[2026-05-12 16:44:56] READ sutta/481 title='2.3.3. වච්ඡගොත්ත පිරිවැජියාට වදාළ විස්තරාත්මක දෙසුම' chars=20862 sent=6007
[2026-05-12 16:45:19] SAVED sutta/481: ලෝභයෙන්, ද්වේෂයෙන්, මෝහයෙන් වැළකී සිටීම කුසලයයි | රජගහ නුවර කලන්දක නිවාප වේළුවනයෙහි භාග්‍යවතුන් වහන්සේ වැඩ සිටින විට, වච්ඡගොත්ත පි
[2026-05-12 16:45:21] READ sutta/482 title='2.3.4. දීඝනඛ පිරිවැජියාට වදාළ දෙසුම' chars=10681 sent=6007
[2026-05-12 16:45:48] SAVED sutta/482: සියලු සැප හා දුක අනිත්‍ය වූ සංඛත දේවල් බව අවබෝධ කර ගැනීම වැද | එකල දීඝනඛ පිරිවැජියා භාග්‍යවතුන් වහන්සේ වෙත පැමිණ, සියලු දෘෂ්ටිවාදයන් අත්හැරීම ග
[2026-05-12 16:45:50] READ sutta/483 title='2.3.5. මාගන්දිය පිරිවැජියාට වදාළ දෙසුම' chars=26478 sent=6007
[2026-05-12 16:46:18] SAVED sutta/483: ශ්‍රී සද්ධර්මය ඇසීමෙන් ධර්මානුධර්ම ප්‍රතිපදාවට පැමිණ දුක්ඛ ස | කුරු ජනපදයේ කම්මාස්සදම්ම නියම් ගමේදී භාග්‍යවතුන් වහන්සේ වැඩ සිටින විට, මාගන්දිය 
[2026-05-12 16:46:21] READ sutta/484 title='2.3.6. සන්දක පිරිවැජියාට වදාළ දෙසුම' chars=34479 sent=6007
[2026-05-12 16:46:45] SAVED sutta/484: ක්ෂය වූ ආශ්‍රවයන් සිහි කිරීමෙන් නිරතුරුව විමුක්තියේ ඤාණය පවත | කොසඹෑ නුවර ඝෝෂිතාරාමයේ ආයුෂ්මත් ආනන්දයන් වහන්සේ වැඩ සිටින විට, සන්දක පිරිවැජියා 
[2026-05-12 16:46:47] READ sutta/485 title='2.3.7. සකුළුදායී පිරිවැජියාට වදාළ විස්තරාත්මක දෙසුම' chars=52107 sent=6007
[2026-05-12 16:47:10] SAVED sutta/485: නිශ්ශබ්දතාවය තුළින් පමණක් චුත උපත සහ උසස් පහත් ජීවිත දකින පි | රජගහ නුවර පිඬුසිඟා වැඩම කළ භාග්‍යවතුන් වහන්සේ, මෝරනිවාප සහ සකුළුදායී පිරිවැජි ආර
[2026-05-12 16:47:12] READ sutta/486 title='2.3.8. සමණමණ්ඩිකාපුත්‍ර පිරිවැජියා නිසා වදාළ දෙසුම' chars=14480 sent=6007
[2026-05-12 16:47:38] SAVED sutta/486: සැබෑ ශ්‍රමණයා යනු දස ධර්මයෙන් සමන්විත, කිසිදු වාදයකින් නොසෙල | සැවැත් නුවරදී, පඤ්චකංග වඩුදෙටුතුමා මල්ලිකා දේවියගේ ආරාමය වෙත පැමිණි විට, සමණමණ්ඩ
[2026-05-12 16:47:40] READ sutta/487 title='2.3.9. සකුළුදායී පිරිවැජියාට වදාළ කුඩා දෙසුම' chars=21733 sent=6007
[2026-05-12 16:48:05] SAVED sutta/487: නිශ්ශබ්දතාවයෙන් සහ සත්‍ය ධර්මය විමසීමෙන් මනස නිදහස් කරගත හැක | රජගහ නුවර පිඬුසිඟා වැඩම කරන භාග්‍යවතුන් වහන්සේ දැක, සකුළුදායී පිරිවැජියා තම පිරි
[2026-05-12 16:48:08] READ sutta/488 title='2.3.10. වේඛනස්ස පිරිවැජියා හට වදාළ දෙසුම' chars=9585 sent=6007
[2026-05-12 16:48:33] SAVED sutta/488: අවිද්‍යාව නම් බන්ධනයකින් මිදුණු ආකාරය තමාම දැනගැනීමට හැකි යි | එසමයෙහි භාග්‍යවතුන් වහන්සේ වැඩ සිටියේ සැවැත් නුවර ජේතවනයෙහි බව සඳහ니다. වේඛනස්ස පි
[2026-05-12 16:48:47] SKIP empty sutta/489: no real sutta title
[2026-05-12 16:48:47] SKIP unavailable or empty sutta/489
[2026-05-12 16:49:01] SKIP empty sutta/490: no real sutta title
[2026-05-12 16:49:01] SKIP unavailable or empty sutta/490
[2026-05-12 16:49:14] SKIP empty sutta/491: no real sutta title
[2026-05-12 16:49:14] SKIP unavailable or empty sutta/491
[2026-05-12 16:49:27] SKIP empty sutta/492: no real sutta title
[2026-05-12 16:49:27] SKIP unavailable or empty sutta/492
[2026-05-12 16:49:40] SKIP empty sutta/493: no real sutta title
[2026-05-12 16:49:40] SKIP unavailable or empty sutta/493
[2026-05-12 16:49:54] SKIP empty sutta/494: no real sutta title
[2026-05-12 16:49:54] SKIP unavailable or empty sutta/494
[2026-05-12 16:50:07] SKIP empty sutta/495: no real sutta title
[2026-05-12 16:50:07] SKIP unavailable or empty sutta/495
[2026-05-12 16:50:20] SKIP empty sutta/496: no real sutta title
[2026-05-12 16:50:20] SKIP unavailable or empty sutta/496
[2026-05-12 16:50:33] SKIP empty sutta/497: no real sutta title
[2026-05-12 16:50:33] SKIP unavailable or empty sutta/497
[2026-05-12 16:50:47] SKIP empty sutta/498: no real sutta title
[2026-05-12 16:50:47] SKIP unavailable or empty sutta/498
[2026-05-12 16:50:48] READ sutta/499 title='2.4.1. ඝටීකාර උපාසක ගැන වදාළ දෙසුම' chars=18716 sent=6007
[2026-05-12 16:51:19] SAVED sutta/499: කිසියම් කෙනෙකු කෙරෙහි ඇති විශ්වාසය යනු මහත් වූ ලාභයක් හා මනා | භාග්‍යවතුන් වහන්සේ මහත් භික්ෂුසංඝයා පිරිවරා කෝසල ජනපදයේ චාරිකාවෙහි වඩිමින් සිටින
[2026-05-12 16:51:22] READ sutta/500 title='2.4.2. රට්ඨපාල තෙරුන් වදාළ දෙසුම' chars=37335 sent=6007
[2026-05-12 16:51:51] SAVED sutta/500: ලෝකය අසම්පූර්ණ වන අතර තණ්හාවට යටත් වී සිටින බව වටහා ගත යුතුය | කුරු ජනපදයේ ථුල්ලකොට්ඨිත නියම්ගමේ බ්‍රාහ්මණ ගෘහපතිවරුන්ට භාග්‍යවතුන් වහන්සේගේ දේ
[2026-05-12 16:51:53] READ sutta/501 title='2.4.3. මඛාදේව රජු ගැන වදාළ දෙසුම' chars=17849 sent=6007
[2026-05-12 16:52:17] SAVED sutta/501: මා විසින් පිහිටුවන ලද යම් කල්‍යාණ වූ වැඩපිළිවෙලක් ඇද්ද, එය ඒ | භාග්‍යවතුන් වහන්සේ ආනන්දයන් වහන්සේට දේශනා කළේ, යම් කල්‍යාණ වැඩපිළිවෙලක් පිහිටුවූ
[2026-05-12 16:52:19] READ sutta/502 title='2.4.4. මධුරා පුරයෙහිදී වදාළ දෙසුම' chars=18536 sent=6007
[2026-05-12 16:52:43] SAVED sutta/502: කුලය හෝ ධනය නොවේ; සීලය සහ කල්‍යාණ ධර්මයන් ඇතිවීම සැබෑ උසස් බ | මධුරාපුරවැසි අවන්තිපුත්‍ර රජතුමා කච්චානය ශ්‍රමණණයන් වහන්සේගෙන් බ්‍රාහ්මණ ආගමික ම
[2026-05-12 16:52:46] READ sutta/503 title='2.4.5. බෝධිරාජකුමාරයා හට වදාළ දෙසුම' chars=51999 sent=6007
[2026-05-12 16:53:11] SAVED sutta/503: සැරණ යන ක්‍රියාවලියට නිසි වේලාව හා ආකාරය දැනුම් දීම වැදගත් බ | භාග්‍යවතුන් වහන්සේ වැඩසිටියේ භගු රට සුංසුමාරගිර නුවර මිගදායෙහි ය. සඤ්ජිකාපුත්‍ර 
[2026-05-12 16:53:13] READ sutta/504 title='2.4.6. අංගුලිමාල තෙරුන්ට වදාළ දෙසුම' chars=15286 sent=6007
[2026-05-12 16:53:36] SAVED sutta/504: අප්‍රමාදීව ධර්මයේ හැසිරෙන කෙනා තමයි උතුම් සැපය ලබා ගන්නේ | භාග්‍යවතුන් වහන්සේ සැවැත් නුවර වැඩ සිටින විට, අංගුලිමාල නම් දරුණු සොරෙකු ගැන ගමන
[2026-05-12 16:53:38] READ sutta/505 title='2.4.7. ප්‍රිය වූ දෙයින් හටගන්නා දුක ගැන වදාළ දෙසුම' chars=12810 sent=6007
[2026-05-12 16:54:02] SAVED sutta/505: ප්‍රිය වූ දෙයින් උපදීනේ, ප්‍රිය වූ දෙයින් හටගන්නේ ශෝක, වැළපී | සැවැත් නුවර ජේතවනයෙහි භාග්‍යවතුන් වහන්සේ වැඩ සිටින විට, තම පුත්‍රයාගේ මරණය නිසා 
[2026-05-12 16:54:04] READ sutta/506 title='2.4.8. බාහිතික වස්ත්‍ර පූජාවට හේතු වූ දෙසුම' chars=10093 sent=6007
[2026-05-12 16:54:32] SAVED sutta/506: සැබෑ ලාභය යනු ආනන්දයන් වහන්සේ දකින්නට ලැබීම සහ ඇසුරු කිරීමයි | එසමයෙහි භාග්‍යවතුන් වහන්සේ වැඩ සිටින විට, පසේනදී කෝසල රජු ආයුෂ්මත් ආනන්දයන් වහන්
[2026-05-12 16:54:34] READ sutta/507 title='2.4.9. බුදුරජුන් අනුමත කොට වදාළ ධම්මචේතිය දෙසුම' chars=15368 sent=6007
[2026-05-12 16:55:02] SAVED sutta/507: භාග්‍යවතුන් වහන්සේගේ ගුණ පරම ගෞරව උපහාරයක් ලෙස ධර්මය ඉගෙන ගැ | පසේනදී කොසොල් රජු මහත් රාජානුභාවයකින් යුතුව ආරාමය කරා ගමන් කරන විට, කිසි ශබ්දයක්
[2026-05-12 16:55:05] READ sutta/508 title='2.4.10. කණ්ණකත්ථල මිගදායෙහිදී වදාළ දෙසුම' chars=15722 sent=6007
[2026-05-12 16:55:29] SAVED sutta/508: සර්වඥතාව වැනි දේවල් අපට රුචි යැයි සිතුවත්, එයින් සතුට ලැබීමට | පසේනදී කොසොල් රජු උදෑසන ආහාර ගැනීමෙන් පසු භාග්‍යවතුන් වහන්සේ වෙත පැමිණ, සෝමා සහ 
[2026-05-12 16:55:44] SKIP empty sutta/509: no real sutta title
[2026-05-12 16:55:44] SKIP unavailable or empty sutta/509
[2026-05-12 16:55:57] SKIP empty sutta/510: no real sutta title
[2026-05-12 16:55:57] SKIP unavailable or empty sutta/510
[2026-05-12 16:56:11] SKIP empty sutta/511: no real sutta title
[2026-05-12 16:56:11] SKIP unavailable or empty sutta/511
[2026-05-12 16:56:24] SKIP empty sutta/512: no real sutta title
[2026-05-12 16:56:24] SKIP unavailable or empty sutta/512
[2026-05-12 16:56:37] SKIP empty sutta/513: no real sutta title
[2026-05-12 16:56:37] SKIP unavailable or empty sutta/513
[2026-05-12 16:56:51] SKIP empty sutta/514: no real sutta title
[2026-05-12 16:56:51] SKIP unavailable or empty sutta/514
[2026-05-12 16:57:05] SKIP empty sutta/515: no real sutta title
[2026-05-12 16:57:05] SKIP unavailable or empty sutta/515
[2026-05-12 16:57:18] SKIP empty sutta/516: no real sutta title
[2026-05-12 16:57:18] SKIP unavailable or empty sutta/516
[2026-05-12 16:57:31] SKIP empty sutta/517: no real sutta title
[2026-05-12 16:57:31] SKIP unavailable or empty sutta/517
[2026-05-12 16:57:45] SKIP empty sutta/518: no real sutta title
[2026-05-12 16:57:45] SKIP unavailable or empty sutta/518
[2026-05-12 16:57:46] READ sutta/519 title='2.5.1. බ්‍රහ්මායු බ්‍රාහ්මණයාට වදාළ දෙසුම' chars=28753 sent=6007
[2026-05-12 16:58:14] SAVED sutta/519: සියලු දෙනාටම සැබවින්ම ප්‍රියවන ධර්මය, අඳුරේ සිටින උදවියට පහන | විදේහ ජනපදයන්හි චාරිකාවක යෙදී සිටි භාග්‍යවතුන් වහන්සේ වෙත බ්‍රහ්මායු නම් බ්‍රාහ්
[2026-05-12 16:58:17] READ sutta/520 title='2.5.2. සේල බ්‍රාහ්මණයාට වදාළ දෙසුම' chars=15214 sent=6007
[2026-05-12 16:58:44] SAVED sutta/520: සැබෑ ධර්මය සහ උතුම් වූ භාග්‍යවතුන් වහන්සේගේ ගුණ කෘතඥතාවයෙන්  | අංගුත්තරාප ජනපද ග්‍රාමයන්හි චාරිකාවේ යෙදී සිටි භාග්‍යවතුන් වහන්සේ, කේණිය නම් වූ 
[2026-05-12 16:58:47] READ sutta/521 title='2.5.3. අස්සලායන බ්‍රාහ්මණයාට වදාළ දෙසුම' chars=23343 sent=6007
[2026-05-12 16:59:17] SAVED sutta/521: සැබෑ පිරිසිදුකම කුලය හෝ වර්ණය මත නොව, මනසේ ද්වේෂයන් අත්හැර ද | එසමයෙහි භාග්‍යවතුන් වහන්සේ වැඩ සිටි ස්ථානය වූ සැවැත් නුවරේ, විවිධ ප්‍රදේශවලින් ප
[2026-05-12 16:59:19] READ sutta/522 title='2.5.4. ඝෝටමුඛ බ්‍රාහ්මණයාට වදාළ දෙසුම' chars=25954 sent=6007
[2026-05-12 16:59:43] SAVED sutta/522: තමාටත් අනුන්ටත් පීඩාවක් ඇති නොකරන, තෘෂ්ණා රහිත වූ ජීවිතයක් ග | ආයුෂ්මත් උදේන තෙරුන් වහන්සේ විසින් ඝෝටමුඛ බ්‍රාහ්මණයා සමඟ සංවාදයක් පවත්වනු ලැබුව
[2026-05-12 16:59:45] READ sutta/523 title='2.5.5. චංකී බ්‍රාහ්මණයාට වදාළ දෙසුම' chars=31221 sent=6007
[2026-05-12 17:00:10] SAVED sutta/523: කළණ මිතුරන් ඇසුරු කිරීම සහ ශ්‍රද්ධාව ඇතිවීම තුළින් සත්‍යයට ළ | කොසොල් ජනපදයේ ඕපසාද ගම්මානයට භාග්‍යවතුන් වහන්සේ වැඩ සිටින බව දැනගත් බ්‍රාහ්මණ ගෘ
[2026-05-12 17:00:12] READ sutta/524 title='2.5.6. ඒසුකාරී බ්‍රාහ්මණයාට වදාළ දෙසුම' chars=17943 sent=6007
[2026-05-12 17:00:35] SAVED sutta/524: කිසිදු උපස්ථානයකින් අහිතය හෝ යහපත නොලැබෙන බැවින්, ඒවා මත විශ | එසමයෙහි භාග්‍යවතුන් වහන්සේ වැඩ සිටි ජේතවනාරාමේදී, ඒසුකාරී බ්‍රාහ්මණයෙක් උපස්ථාන 
[2026-05-12 17:00:38] READ sutta/525 title='2.5.7. ධනඤ්ජානි බ්‍රාහ්මණයාට වදාළ දෙසුම' chars=26601 sent=6007
[2026-05-12 17:01:02] SAVED sutta/525: මෛත්‍රී, කරුණා, මුදිතා සහ උපේක්ෂාව යන කුසලයන් පතුරුවා වාසය ක | රජගහ නුවර කලන්දක වේළුවනයේදී ආයුෂ්මත් සාරිපුත්තයන් වහන්සේ විසින් ධනඤ්ජානි නම් බ්‍
[2026-05-12 17:01:04] READ sutta/526 title='2.5.8. වාසෙට්ඨ බ්‍රාහ්මණයාට වදාළ දෙසුම' chars=13298 sent=6007
[2026-05-12 17:01:29] SAVED sutta/526: උපත මත නොව, ක්‍රියාව සහ නිවැරදි දැනුම මත බ්‍රාහ්මණකත්වය පිහි | ඉච්ඡානංගල ගමේ සිටි ප්‍රසිද්ධ බ්‍රාහ්මණවරුන් වූ වාසෙට්ඨ සහ භාරද්වාජ යන තරුණයන් දෙ
[2026-05-12 17:01:32] READ sutta/527 title='2.5.9. සුභ මාණවකයාට වදාළ දෙසුම' chars=28218 sent=6007
[2026-05-12 17:01:55] SAVED sutta/527: නිවැරදි වැඩපිළිවෙල ඔස්සේ යෑමෙන් පමණක් ඤාණාවබෝධයෙන් යුතු කුසල | සැවැත් නුවර ජේතවන ආරාමයෙහි භාග්‍යවතුන් වහන්සේ වැඩ සිටින විට, තෝදෙය්යපුත්‍ර සුභ ම
[2026-05-12 17:01:57] READ sutta/528 title='2.5.10. සංගාරව මාණවකයාට වදාළ දෙසුම' chars=31773 sent=6007
[2026-05-12 17:02:27] SAVED sutta/528: සියලු දැනුම් සම්ප්‍රදායන් අතරින් උතුම් වන්නේ බුදුරජාණන් වහන් | භාග්‍යවත් ගෞතමයන් වහන්සේ මහත් භික්ෂු සංඝයා සමඟ චාරිකාවෙහි වඩිමින් සිටින විට, ධනඤ
[2026-05-12 17:02:41] SKIP empty sutta/529: no real sutta title
[2026-05-12 17:02:41] SKIP unavailable or empty sutta/529
[2026-05-12 17:02:55] SKIP empty sutta/530: no real sutta title
[2026-05-12 17:02:55] SKIP unavailable or empty sutta/530
[2026-05-12 17:03:08] SKIP empty sutta/531: no real sutta title
[2026-05-12 17:03:08] SKIP unavailable or empty sutta/531
[2026-05-12 17:03:21] SKIP empty sutta/532: no real sutta title
[2026-05-12 17:03:21] SKIP unavailable or empty sutta/532
[2026-05-12 17:03:34] SKIP empty sutta/533: no real sutta title
[2026-05-12 17:03:34] SKIP unavailable or empty sutta/533
[2026-05-12 17:03:48] SKIP empty sutta/534: no real sutta title
[2026-05-12 17:03:48] SKIP unavailable or empty sutta/534
[2026-05-12 17:04:01] SKIP empty sutta/535: no real sutta title
[2026-05-12 17:04:01] SKIP unavailable or empty sutta/535
[2026-05-12 17:04:14] SKIP empty sutta/536: no real sutta title
[2026-05-12 17:04:14] SKIP unavailable or empty sutta/536
[2026-05-12 17:04:27] SKIP empty sutta/537: no real sutta title
[2026-05-12 17:04:27] SKIP unavailable or empty sutta/537
[2026-05-12 17:04:41] SKIP empty sutta/538: no real sutta title
[2026-05-12 17:04:41] SKIP unavailable or empty sutta/538
[2026-05-12 17:04:54] SKIP empty sutta/539: no real sutta title
[2026-05-12 17:04:54] SKIP unavailable or empty sutta/539
[2026-05-12 17:05:07] SKIP empty sutta/540: no real sutta title
[2026-05-12 17:05:07] SKIP unavailable or empty sutta/540
[2026-05-12 17:05:20] SKIP empty sutta/541: no real sutta title
[2026-05-12 17:05:20] SKIP unavailable or empty sutta/541
[2026-05-12 17:05:34] SKIP empty sutta/542: no real sutta title
[2026-05-12 17:05:34] SKIP unavailable or empty sutta/542
[2026-05-12 17:05:47] SKIP empty sutta/543: no real sutta title
[2026-05-12 17:05:47] SKIP unavailable or empty sutta/543
[2026-05-12 17:06:01] SKIP empty sutta/544: no real sutta title
[2026-05-12 17:06:01] SKIP unavailable or empty sutta/544
[2026-05-12 17:06:14] SKIP empty sutta/545: no real sutta title
[2026-05-12 17:06:14] SKIP unavailable or empty sutta/545
[2026-05-12 17:06:27] SKIP empty sutta/546: no real sutta title
[2026-05-12 17:06:27] SKIP unavailable or empty sutta/546
[2026-05-12 17:06:41] SKIP empty sutta/547: no real sutta title
[2026-05-12 17:06:41] SKIP unavailable or empty sutta/547
[2026-05-12 17:06:54] SKIP empty sutta/548: no real sutta title
[2026-05-12 17:06:54] SKIP unavailable or empty sutta/548
[2026-05-12 17:07:08] SKIP empty sutta/549: no real sutta title
[2026-05-12 17:07:08] SKIP unavailable or empty sutta/549
[2026-05-12 17:07:21] SKIP empty sutta/550: no real sutta title
[2026-05-12 17:07:21] SKIP unavailable or empty sutta/550
[2026-05-12 17:07:34] SKIP empty sutta/551: no real sutta title
[2026-05-12 17:07:34] SKIP unavailable or empty sutta/551
[2026-05-12 17:07:47] SKIP empty sutta/552: no real sutta title
[2026-05-12 17:07:47] SKIP unavailable or empty sutta/552
[2026-05-12 17:08:01] SKIP empty sutta/553: no real sutta title
[2026-05-12 17:08:01] SKIP unavailable or empty sutta/553
[2026-05-12 17:08:14] SKIP empty sutta/554: no real sutta title
[2026-05-12 17:08:14] SKIP unavailable or empty sutta/554
[2026-05-12 17:08:27] SKIP empty sutta/555: no real sutta title
[2026-05-12 17:08:27] SKIP unavailable or empty sutta/555
[2026-05-12 17:08:41] SKIP empty sutta/556: no real sutta title
[2026-05-12 17:08:41] SKIP unavailable or empty sutta/556
[2026-05-12 17:08:54] SKIP empty sutta/557: no real sutta title
[2026-05-12 17:08:54] SKIP unavailable or empty sutta/557
[2026-05-12 17:09:08] SKIP empty sutta/558: no real sutta title
[2026-05-12 17:09:08] SKIP unavailable or empty sutta/558
[2026-05-12 17:09:21] SKIP empty sutta/559: no real sutta title
[2026-05-12 17:09:21] SKIP unavailable or empty sutta/559
[2026-05-12 17:09:34] SKIP empty sutta/560: no real sutta title
[2026-05-12 17:09:34] SKIP unavailable or empty sutta/560
[2026-05-12 17:09:47] SKIP empty sutta/561: no real sutta title
[2026-05-12 17:09:47] SKIP unavailable or empty sutta/561
[2026-05-12 17:10:01] SKIP empty sutta/562: no real sutta title
[2026-05-12 17:10:01] SKIP unavailable or empty sutta/562
[2026-05-12 17:10:14] SKIP empty sutta/563: no real sutta title
[2026-05-12 17:10:14] SKIP unavailable or empty sutta/563
[2026-05-12 17:10:27] SKIP empty sutta/564: no real sutta title
[2026-05-12 17:10:27] SKIP unavailable or empty sutta/564
[2026-05-12 17:10:41] SKIP empty sutta/565: no real sutta title
[2026-05-12 17:10:41] SKIP unavailable or empty sutta/565
[2026-05-12 17:10:54] SKIP empty sutta/566: no real sutta title
[2026-05-12 17:10:54] SKIP unavailable or empty sutta/566
[2026-05-12 17:11:08] SKIP empty sutta/567: no real sutta title
[2026-05-12 17:11:08] SKIP unavailable or empty sutta/567
[2026-05-12 17:11:21] SKIP empty sutta/568: no real sutta title
[2026-05-12 17:11:21] SKIP unavailable or empty sutta/568
[2026-05-12 17:11:34] SKIP empty sutta/569: no real sutta title
[2026-05-12 17:11:34] SKIP unavailable or empty sutta/569
[2026-05-12 17:11:48] SKIP empty sutta/570: no real sutta title
[2026-05-12 17:11:48] SKIP unavailable or empty sutta/570
[2026-05-12 17:12:01] SKIP empty sutta/571: no real sutta title
[2026-05-12 17:12:01] SKIP unavailable or empty sutta/571
[2026-05-12 17:12:15] SKIP empty sutta/572: no real sutta title
[2026-05-12 17:12:15] SKIP unavailable or empty sutta/572
[2026-05-12 17:12:29] SKIP empty sutta/573: no real sutta title
[2026-05-12 17:12:29] SKIP unavailable or empty sutta/573
[2026-05-12 17:12:42] SKIP empty sutta/574: no real sutta title
[2026-05-12 17:12:42] SKIP unavailable or empty sutta/574
[2026-05-12 17:12:55] SKIP empty sutta/575: no real sutta title
[2026-05-12 17:12:55] SKIP unavailable or empty sutta/575
[2026-05-12 17:13:09] SKIP empty sutta/576: no real sutta title
[2026-05-12 17:13:09] SKIP unavailable or empty sutta/576
[2026-05-12 17:13:22] SKIP empty sutta/577: no real sutta title
[2026-05-12 17:13:22] SKIP unavailable or empty sutta/577
[2026-05-12 17:13:35] SKIP empty sutta/578: no real sutta title
[2026-05-12 17:13:35] SKIP unavailable or empty sutta/578
[2026-05-12 17:13:49] SKIP empty sutta/579: no real sutta title
[2026-05-12 17:13:49] SKIP unavailable or empty sutta/579
[2026-05-12 17:14:02] SKIP empty sutta/580: no real sutta title
[2026-05-12 17:14:02] SKIP unavailable or empty sutta/580
[2026-05-12 17:14:15] SKIP empty sutta/581: no real sutta title
[2026-05-12 17:14:15] SKIP unavailable or empty sutta/581
[2026-05-12 17:14:29] SKIP empty sutta/582: no real sutta title
[2026-05-12 17:14:29] SKIP unavailable or empty sutta/582
[2026-05-12 17:14:42] SKIP empty sutta/583: no real sutta title
[2026-05-12 17:14:42] SKIP unavailable or empty sutta/583
[2026-05-12 17:14:56] SKIP empty sutta/584: no real sutta title
[2026-05-12 17:14:56] SKIP unavailable or empty sutta/584
[2026-05-12 17:15:09] SKIP empty sutta/585: no real sutta title
[2026-05-12 17:15:09] SKIP unavailable or empty sutta/585
[2026-05-12 17:15:23] SKIP empty sutta/586: no real sutta title
[2026-05-12 17:15:23] SKIP unavailable or empty sutta/586
